分类: 🍄┃广东频道, 名称: 广州综合, 有效: 10, IPv4: 12, IPv6: 0, 最小延迟: 249 ms, 最高速率: 1.78 MiB/s, 平均速率: 0.64 MiB/s, 最高分辨率: 1280x720, 平均帧率: 25.0, 视频编解码器: h264, 音频编解码器: aac
分类: 🍄┃广东频道, 名称: 广州新闻, 有效: 8, IPv4: 9, IPv6: 0, 最小延迟: 250 ms, 最高速率: 2.17 MiB/s, 平均速率: 1.07 MiB/s, 最高分辨率: 1280x720, 平均帧率: 未知, 视频编解码器: 未知, 音频编解码器: 未知
分类: 🍄┃广东频道, 名称: 广州竞赛, 有效: 0, IPv4: 9, IPv6: 0, 最小延迟: — ms, 最高速率: 0.00 MiB/s, 平均速率: 0.00 MiB/s, 最高分辨率: —, 平均帧率: 未知, 视频编解码器: 未知, 音频编解码器: 未知
分类: 🍄┃广东频道, 名称: 广州法治, 有效: 0, IPv4: 11, IPv6: 0, 最小延迟: — ms, 最高速率: 0.00 MiB/s, 平均速率: 0.00 MiB/s, 最高分辨率: —, 平均帧率: 未知, 视频编解码器: 未知, 音频编解码器: 未知
分类: 🍄┃广东频道, 名称: 南国都市, 有效: 2, IPv4: 10, IPv6: 0, 最小延迟: 363 ms, 最高速率: 0.61 MiB/s, 平均速率: 0.60 MiB/s, 最高分辨率: 1920x1080, 平均帧率: 50.0, 视频编解码器: h264, 音频编解码器: aac
分类: 🍄┃广东频道, 名称: 广州影视频道, 有效: 0, IPv4: 4, IPv6: 0, 最小延迟: 474 ms, 最高速率: 0.00 MiB/s, 平均速率: 0.00 MiB/s, 最高分辨率: —, 平均帧率: 未知, 视频编解码器: 未知, 音频编解码器: 未知
分类: 🍄┃广东频道, 名称: 广州电视台法治频道, 有效: 0, IPv4: 2, IPv6: 0, 最小延迟: — ms, 最高速率: 0.00 MiB/s, 平均速率: 0.00 MiB/s, 最高分辨率: —, 平均帧率: 未知, 视频编解码器: 未知, 音频编解码器: 未知
分类: 🍄┃广东频道, 名称: 广州南国都市频道, 有效: 0, IPv4: 3, IPv6: 0, 最小延迟: — ms, 最高速率: 0.00 MiB/s, 平均速率: 0.00 MiB/s, 最高分辨率: —, 平均帧率: 未知, 视频编解码器: 未知, 音频编解码器: 未知
分类: 🍄┃广东频道, 名称: 广东珠江, 有效: 6, IPv4: 7, IPv6: 0, 最小延迟: 36 ms, 最高速率: 21.71 MiB/s, 平均速率: 9.84 MiB/s, 最高分辨率: 1920x1080, 平均帧率: 未知, 视频编解码器: 未知, 音频编解码器: 未知
分类: 🍄┃广东频道, 名称: 广东新闻, 有效: 5, IPv4: 6, IPv6: 0, 最小延迟: 36 ms, 最高速率: 15.68 MiB/s, 平均速率: 8.67 MiB/s, 最高分辨率: 1280x720, 平均帧率: 未知, 视频编解码器: 未知, 音频编解码器: 未知
分类: 🍄┃广东频道, 名称: 广东卫视, 有效: 5, IPv4: 8, IPv6: 0, 最小延迟: 83 ms, 最高速率: 30.12 MiB/s, 平均速率: 26.56 MiB/s, 最高分辨率: 1920x1080, 平均帧率: 未知, 视频编解码器: 未知, 音频编解码器: 未知
分类: 🍄┃广东频道, 名称: 广州电视台影视频道, 有效: 0, IPv4: 1, IPv6: 0, 最小延迟: — ms, 最高速率: 0.00 MiB/s, 平均速率: 0.00 MiB/s, 最高分辨率: —, 平均帧率: 未知, 视频编解码器: 未知, 音频编解码器: 未知
分类: 🍄┃广东频道, 名称: 广东民生, 有效: 5, IPv4: 19, IPv6: 0, 最小延迟: 36 ms, 最高速率: 11.98 MiB/s, 平均速率: 5.00 MiB/s, 最高分辨率: 1920x1080, 平均帧率: 25.0, 视频编解码器: h264, 音频编解码器: mp2
分类: 🍄┃广东频道, 名称: 广州竞赛频道, 有效: 0, IPv4: 1, IPv6: 0, 最小延迟: — ms, 最高速率: 0.00 MiB/s, 平均速率: 0.00 MiB/s, 最高分辨率: —, 平均帧率: 未知, 视频编解码器: 未知, 音频编解码器: 未知
分类: 🍄┃广东频道, 名称: 大湾区卫视, 有效: 5, IPv4: 7, IPv6: 0, 最小延迟: 36 ms, 最高速率: 16.04 MiB/s, 平均速率: 10.20 MiB/s, 最高分辨率: 1280x720, 平均帧率: 未知, 视频编解码器: 未知, 音频编解码器: 未知
分类: 🍄┃广东频道, 名称: 广东体育, 有效: 5, IPv4: 9, IPv6: 0, 最小延迟: 36 ms, 最高速率: 16.49 MiB/s, 平均速率: 9.71 MiB/s, 最高分辨率: 1920x1080, 平均帧率: 25.0, 视频编解码器: h264, 音频编解码器: mp2
分类: 🍄┃广东频道, 名称: 江门综合, 有效: 0, IPv4: 4, IPv6: 0, 最小延迟: 482 ms, 最高速率: 0.25 MiB/s, 平均速率: 0.00 MiB/s, 最高分辨率: —, 平均帧率: 25.0, 视频编解码器: h264, 音频编解码器: mp2
分类: 🍄┃广东频道, 名称: 江门侨乡生活, 有效: 0, IPv4: 4, IPv6: 0, 最小延迟: 472 ms, 最高速率: 0.00 MiB/s, 平均速率: 0.00 MiB/s, 最高分辨率: —, 平均帧率: 未知, 视频编解码器: 未知, 音频编解码器: 未知
分类: 🍄┃广东频道, 名称: 佛山综合, 有效: 0, IPv4: 5, IPv6: 0, 最小延迟: 495 ms, 最高速率: 0.23 MiB/s, 平均速率: 0.00 MiB/s, 最高分辨率: 1920x1080, 平均帧率: 25.0, 视频编解码器: h264, 音频编解码器: mp2
分类: 🍄┃广东频道, 名称: 深圳卫视, 有效: 6, IPv4: 9, IPv6: 0, 最小延迟: 117 ms, 最高速率: 20.15 MiB/s, 平均速率: 12.93 MiB/s, 最高分辨率: 1920x1080, 平均帧率: 50.0, 视频编解码器: h264, 音频编解码器: ac3
分类: 🍄┃广东频道, 名称: 汕头综合, 有效: 0, IPv4: 11, IPv6: 0, 最小延迟: 198 ms, 最高速率: 0.31 MiB/s, 平均速率: 0.00 MiB/s, 最高分辨率: 1920x1080, 平均帧率: 25.0, 视频编解码器: h264, 音频编解码器: mp2
分类: 🍄┃广东频道, 名称: 茂名综合, 有效: 0, IPv4: 2, IPv6: 0, 最小延迟: 478 ms, 最高速率: 0.26 MiB/s, 平均速率: 0.00 MiB/s, 最高分辨率: 1920x1080, 平均帧率: 25.0, 视频编解码器: h264, 音频编解码器: mp2
分类: 🍄┃广东频道, 名称: 汕头经济, 有效: 0, IPv4: 3, IPv6: 0, 最小延迟: 483 ms, 最高速率: 0.24 MiB/s, 平均速率: 0.00 MiB/s, 最高分辨率: 1920x1080, 平均帧率: 25.0, 视频编解码器: h264, 音频编解码器: mp2
分类: 🍄┃广东频道, 名称: 纪实人文, 有效: 0, IPv4: 11, IPv6: 0, 最小延迟: 563 ms, 最高速率: 0.00 MiB/s, 平均速率: 0.00 MiB/s, 最高分辨率: —, 平均帧率: 未知, 视频编解码器: 未知, 音频编解码器: 未知
分类: 🍄┃广东频道, 名称: 茂名公共, 有效: 0, IPv4: 3, IPv6: 0, 最小延迟: 484 ms, 最高速率: 0.34 MiB/s, 平均速率: 0.00 MiB/s, 最高分辨率: 1920x1080, 平均帧率: 25.0, 视频编解码器: h264, 音频编解码器: mp2
分类: 🍄┃广东频道, 名称: 纪实科教, 有效: 0, IPv4: 4, IPv6: 0, 最小延迟: 457 ms, 最高速率: 0.45 MiB/s, 平均速率: 0.00 MiB/s, 最高分辨率: 1920x1080, 平均帧率: 25.0, 视频编解码器: h264, 音频编解码器: aac
分类: 🍄┃广东频道, 名称: 金鹰纪实, 有效: 6, IPv4: 7, IPv6: 0, 最小延迟: 59 ms, 最高速率: 35.87 MiB/s, 平均速率: 30.92 MiB/s, 最高分辨率: 1920x1080, 平均帧率: 未知, 视频编解码器: 未知, 音频编解码器: 未知
分类: 🍄┃广东频道, 名称: 超级综艺, 有效: 0, IPv4: 3, IPv6: 0, 最小延迟: — ms, 最高速率: 0.00 MiB/s, 平均速率: 0.00 MiB/s, 最高分辨率: —, 平均帧率: 未知, 视频编解码器: 未知, 音频编解码器: 未知
分类: 🍉┃咪咕频道, 名称: CCTV-01咪咕, 有效: 5, IPv4: 6, IPv6: 0, 最小延迟: 54 ms, 最高速率: 31.48 MiB/s, 平均速率: 15.01 MiB/s, 最高分辨率: 1920x1080, 平均帧率: 未知, 视频编解码器: 未知, 音频编解码器: 未知
分类: 🍉┃咪咕频道, 名称: CCTV-02咪咕, 有效: 6, IPv4: 8, IPv6: 0, 最小延迟: 53 ms, 最高速率: 34.89 MiB/s, 平均速率: 17.24 MiB/s, 最高分辨率: 1920x1080, 平均帧率: 未知, 视频编解码器: 未知, 音频编解码器: 未知
分类: 🍉┃咪咕频道, 名称: CCTV-03咪咕, 有效: 5, IPv4: 8, IPv6: 0, 最小延迟: 35 ms, 最高速率: 32.55 MiB/s, 平均速率: 15.69 MiB/s, 最高分辨率: 1920x1080, 平均帧率: 未知, 视频编解码器: 未知, 音频编解码器: 未知
分类: 🍉┃咪咕频道, 名称: CCTV-04咪咕, 有效: 6, IPv4: 9, IPv6: 0, 最小延迟: 35 ms, 最高速率: 13.68 MiB/s, 平均速率: 6.16 MiB/s, 最高分辨率: 1280x720, 平均帧率: 未知, 视频编解码器: 未知, 音频编解码器: 未知
分类: 🍉┃咪咕频道, 名称: CCTV-05咪咕, 有效: 6, IPv4: 7, IPv6: 0, 最小延迟: 36 ms, 最高速率: 35.14 MiB/s, 平均速率: 8.95 MiB/s, 最高分辨率: 1920x1080, 平均帧率: 未知, 视频编解码器: 未知, 音频编解码器: 未知
分类: 🍉┃咪咕频道, 名称: CCTV-06咪咕, 有效: 7, IPv4: 9, IPv6: 0, 最小延迟: 36 ms, 最高速率: 34.77 MiB/s, 平均速率: 21.81 MiB/s, 最高分辨率: 1920x1080, 平均帧率: 未知, 视频编解码器: 未知, 音频编解码器: 未知
分类: 🍉┃咪咕频道, 名称: CCTV-07咪咕, 有效: 6, IPv4: 9, IPv6: 0, 最小延迟: 36 ms, 最高速率: 31.41 MiB/s, 平均速率: 12.86 MiB/s, 最高分辨率: 1920x1080, 平均帧率: 未知, 视频编解码器: 未知, 音频编解码器: 未知
分类: 🍉┃咪咕频道, 名称: CCTV-08咪咕, 有效: 6, IPv4: 7, IPv6: 0, 最小延迟: 36 ms, 最高速率: 32.28 MiB/s, 平均速率: 18.10 MiB/s, 最高分辨率: 1920x1080, 平均帧率: 未知, 视频编解码器: 未知, 音频编解码器: 未知
分类: 🍉┃咪咕频道, 名称: CCTV-09咪咕, 有效: 7, IPv4: 8, IPv6: 0, 最小延迟: 36 ms, 最高速率: 33.85 MiB/s, 平均速率: 26.40 MiB/s, 最高分辨率: 1920x1080, 平均帧率: 未知, 视频编解码器: 未知, 音频编解码器: 未知
分类: 🍉┃咪咕频道, 名称: CCTV-10咪咕, 有效: 6, IPv4: 8, IPv6: 0, 最小延迟: 36 ms, 最高速率: 33.67 MiB/s, 平均速率: 21.38 MiB/s, 最高分辨率: 1920x1080, 平均帧率: 未知, 视频编解码器: 未知, 音频编解码器: 未知
分类: 🍉┃咪咕频道, 名称: CCTV-11咪咕, 有效: 6, IPv4: 7, IPv6: 0, 最小延迟: 37 ms, 最高速率: 31.00 MiB/s, 平均速率: 19.25 MiB/s, 最高分辨率: 1920x1080, 平均帧率: 未知, 视频编解码器: 未知, 音频编解码器: 未知
分类: 🍉┃咪咕频道, 名称: CCTV-12咪咕, 有效: 6, IPv4: 9, IPv6: 0, 最小延迟: 53 ms, 最高速率: 30.53 MiB/s, 平均速率: 17.11 MiB/s, 最高分辨率: 1920x1080, 平均帧率: 未知, 视频编解码器: 未知, 音频编解码器: 未知
分类: 🍉┃咪咕频道, 名称: CCTV-13咪咕, 有效: 6, IPv4: 12, IPv6: 0, 最小延迟: 36 ms, 最高速率: 23.98 MiB/s, 平均速率: 10.04 MiB/s, 最高分辨率: 1920x1080, 平均帧率: 25.0, 视频编解码器: h264, 音频编解码器: aac
分类: 🍉┃咪咕频道, 名称: CCTV-14咪咕, 有效: 5, IPv4: 9, IPv6: 0, 最小延迟: 35 ms, 最高速率: 32.97 MiB/s, 平均速率: 27.51 MiB/s, 最高分辨率: 1920x1080, 平均帧率: 未知, 视频编解码器: 未知, 音频编解码器: 未知
分类: 🍉┃咪咕频道, 名称: CCTV-15咪咕, 有效: 6, IPv4: 8, IPv6: 0, 最小延迟: 36 ms, 最高速率: 37.94 MiB/s, 平均速率: 17.79 MiB/s, 最高分辨率: 1920x1080, 平均帧率: 未知, 视频编解码器: 未知, 音频编解码器: 未知
分类: 🍉┃咪咕频道, 名称: CCTV-16咪咕, 有效: 6, IPv4: 8, IPv6: 0, 最小延迟: 67 ms, 最高速率: 33.18 MiB/s, 平均速率: 28.33 MiB/s, 最高分辨率: 1920x1080, 平均帧率: 未知, 视频编解码器: 未知, 音频编解码器: 未知
分类: 🍉┃咪咕频道, 名称: CCTV-17咪咕, 有效: 7, IPv4: 8, IPv6: 0, 最小延迟: 36 ms, 最高速率: 33.27 MiB/s, 平均速率: 26.50 MiB/s, 最高分辨率: 1920x1080, 平均帧率: 未知, 视频编解码器: 未知, 音频编解码器: 未知
分类: 🍉┃咪咕频道, 名称: CCTV4欧洲咪咕, 有效: 0, IPv4: 21, IPv6: 0, 最小延迟: 498 ms, 最高速率: 0.18 MiB/s, 平均速率: 0.00 MiB/s, 最高分辨率: —, 平均帧率: 未知, 视频编解码器: 未知, 音频编解码器: 未知
分类: 🍉┃咪咕频道, 名称: CCTV4美洲咪咕, 有效: 0, IPv4: 27, IPv6: 0, 最小延迟: 313 ms, 最高速率: 0.17 MiB/s, 平均速率: 0.00 MiB/s, 最高分辨率: 1920x1080, 平均帧率: 未知, 视频编解码器: 未知, 音频编解码器: 未知
分类: 🍉┃咪咕频道, 名称: CCTV-5+咪咕, 有效: 6, IPv4: 14, IPv6: 0, 最小延迟: 36 ms, 最高速率: 37.13 MiB/s, 平均速率: 23.29 MiB/s, 最高分辨率: 1920x1080, 平均帧率: 26.67, 视频编解码器: h264, 音频编解码器: aac
分类: 🍉┃咪咕频道, 名称: 东方卫视咪咕, 有效: 0, IPv4: 2, IPv6: 0, 最小延迟: — ms, 最高速率: 0.00 MiB/s, 平均速率: 0.00 MiB/s, 最高分辨率: —, 平均帧率: 未知, 视频编解码器: 未知, 音频编解码器: 未知
分类: 🍉┃咪咕频道, 名称: CGT法语咪咕, 有效: 1, IPv4: 1, IPv6: 0, 最小延迟: 26 ms, 最高速率: 37.38 MiB/s, 平均速率: 37.38 MiB/s, 最高分辨率: 1920x1080, 平均帧率: 未知, 视频编解码器: 未知, 音频编解码器: 未知
分类: 🍉┃咪咕频道, 名称: 陕西卫视咪咕, 有效: 1, IPv4: 6, IPv6: 0, 最小延迟: 78 ms, 最高速率: 29.63 MiB/s, 平均速率: 29.63 MiB/s, 最高分辨率: 1920x1080, 平均帧率: 未知, 视频编解码器: 未知, 音频编解码器: 未知
分类: 🍉┃咪咕频道, 名称: 江苏卫视咪咕, 有效: 0, IPv4: 2, IPv6: 0, 最小延迟: — ms, 最高速率: 0.00 MiB/s, 平均速率: 0.00 MiB/s, 最高分辨率: —, 平均帧率: 未知, 视频编解码器: 未知, 音频编解码器: 未知
分类: 🍉┃咪咕频道, 名称: 湖北卫视咪咕, 有效: 0, IPv4: 2, IPv6: 0, 最小延迟: — ms, 最高速率: 0.00 MiB/s, 平均速率: 0.00 MiB/s, 最高分辨率: —, 平均帧率: 未知, 视频编解码器: 未知, 音频编解码器: 未知
分类: 🍉┃咪咕频道, 名称: 江西卫视咪咕, 有效: 0, IPv4: 2, IPv6: 0, 最小延迟: — ms, 最高速率: 0.00 MiB/s, 平均速率: 0.00 MiB/s, 最高分辨率: —, 平均帧率: 未知, 视频编解码器: 未知, 音频编解码器: 未知
分类: 🍉┃咪咕频道, 名称: 海南卫视咪咕, 有效: 0, IPv4: 2, IPv6: 0, 最小延迟: — ms, 最高速率: 0.00 MiB/s, 平均速率: 0.00 MiB/s, 最高分辨率: —, 平均帧率: 未知, 视频编解码器: 未知, 音频编解码器: 未知
分类: 🍓┃央视频道, 名称: CETV-1, 有效: 5, IPv4: 57, IPv6: 0, 最小延迟: 36 ms, 最高速率: 11.41 MiB/s, 平均速率: 7.79 MiB/s, 最高分辨率: 1920x1080, 平均帧率: 29.29, 视频编解码器: h264, 音频编解码器: mp2
分类: 🍓┃央视频道, 名称: CETV-2, 有效: 4, IPv4: 47, IPv6: 0, 最小延迟: 38 ms, 最高速率: 8.75 MiB/s, 平均速率: 4.48 MiB/s, 最高分辨率: 1280x720, 平均帧率: 25.0, 视频编解码器: h264, 音频编解码器: aac
分类: 🍓┃央视频道, 名称: CETV-3, 有效: 5, IPv4: 10, IPv6: 0, 最小延迟: 35 ms, 最高速率: 24.39 MiB/s, 平均速率: 9.04 MiB/s, 最高分辨率: 1280x720, 平均帧率: 25.0, 视频编解码器: h264, 音频编解码器: aac
分类: 🍓┃央视频道, 名称: CETV-4, 有效: 4, IPv4: 97, IPv6: 0, 最小延迟: 35 ms, 最高速率: 14.17 MiB/s, 平均速率: 7.97 MiB/s, 最高分辨率: 1920x1080, 平均帧率: 25.0, 视频编解码器: h264, 音频编解码器: mp2
分类: 🐧┃卫视频道, 名称: 东方卫视, 有效: 5, IPv4: 5, IPv6: 0, 最小延迟: 69 ms, 最高速率: 33.21 MiB/s, 平均速率: 30.57 MiB/s, 最高分辨率: 1920x1080, 平均帧率: 未知, 视频编解码器: 未知, 音频编解码器: 未知
分类: 🐧┃卫视频道, 名称: 浙江卫视, 有效: 5, IPv4: 5, IPv6: 0, 最小延迟: 72 ms, 最高速率: 32.65 MiB/s, 平均速率: 28.27 MiB/s, 最高分辨率: 1920x1080, 平均帧率: 未知, 视频编解码器: 未知, 音频编解码器: 未知
分类: 🐧┃卫视频道, 名称: 湖南卫视, 有效: 5, IPv4: 9, IPv6: 0, 最小延迟: 8 ms, 最高速率: 56.96 MiB/s, 平均速率: 26.34 MiB/s, 最高分辨率: 3840x2160, 平均帧率: 50.0, 视频编解码器: h264, 音频编解码器: ac3
分类: 🐧┃卫视频道, 名称: 江苏卫视, 有效: 6, IPv4: 8, IPv6: 0, 最小延迟: 61 ms, 最高速率: 35.42 MiB/s, 平均速率: 16.64 MiB/s, 最高分辨率: 1920x1080, 平均帧率: 50.0, 视频编解码器: h264, 音频编解码器: ac3
分类: 🐧┃卫视频道, 名称: 香港卫视, 有效: 2, IPv4: 13, IPv6: 0, 最小延迟: 40 ms, 最高速率: 12.20 MiB/s, 平均速率: 6.23 MiB/s, 最高分辨率: 1920x1080, 平均帧率: 25.0, 视频编解码器: h264, 音频编解码器: aac
分类: 🐧┃卫视频道, 名称: 北京卫视, 有效: 6, IPv4: 6, IPv6: 0, 最小延迟: 60 ms, 最高速率: 33.08 MiB/s, 平均速率: 26.54 MiB/s, 最高分辨率: 1920x1080, 平均帧率: 未知, 视频编解码器: 未知, 音频编解码器: 未知
分类: 🐧┃卫视频道, 名称: 湖北卫视, 有效: 7, IPv4: 10, IPv6: 0, 最小延迟: 81 ms, 最高速率: 29.70 MiB/s, 平均速率: 19.44 MiB/s, 最高分辨率: 1920x1080, 平均帧率: 50.0, 视频编解码器: h264, 音频编解码器: ac3
分类: 🐧┃卫视频道, 名称: 黑龙江卫视, 有效: 7, IPv4: 7, IPv6: 0, 最小延迟: 75 ms, 最高速率: 28.81 MiB/s, 平均速率: 23.80 MiB/s, 最高分辨率: 1920x1080, 平均帧率: 未知, 视频编解码器: 未知, 音频编解码器: 未知
分类: 🐧┃卫视频道, 名称: 安徽卫视, 有效: 7, IPv4: 9, IPv6: 0, 最小延迟: 70 ms, 最高速率: 32.11 MiB/s, 平均速率: 27.17 MiB/s, 最高分辨率: 1920x1080, 平均帧率: 未知, 视频编解码器: 未知, 音频编解码器: 未知
分类: 🐧┃卫视频道, 名称: 重庆卫视, 有效: 6, IPv4: 7, IPv6: 0, 最小延迟: 74 ms, 最高速率: 31.69 MiB/s, 平均速率: 24.96 MiB/s, 最高分辨率: 1920x1080, 平均帧率: 未知, 视频编解码器: 未知, 音频编解码器: 未知
分类: 🐧┃卫视频道, 名称: 东南卫视, 有效: 6, IPv4: 7, IPv6: 0, 最小延迟: 76 ms, 最高速率: 30.00 MiB/s, 平均速率: 16.52 MiB/s, 最高分辨率: 1920x1080, 平均帧率: 未知, 视频编解码器: 未知, 音频编解码器: 未知
分类: 🐧┃卫视频道, 名称: 甘肃卫视, 有效: 7, IPv4: 7, IPv6: 0, 最小延迟: 54 ms, 最高速率: 32.83 MiB/s, 平均速率: 25.34 MiB/s, 最高分辨率: 1920x1080, 平均帧率: 未知, 视频编解码器: 未知, 音频编解码器: 未知
分类: 🐧┃卫视频道, 名称: 广西卫视, 有效: 6, IPv4: 7, IPv6: 0, 最小延迟: 56 ms, 最高速率: 37.40 MiB/s, 平均速率: 33.56 MiB/s, 最高分辨率: 1920x1080, 平均帧率: 未知, 视频编解码器: 未知, 音频编解码器: 未知
分类: 🐧┃卫视频道, 名称: 贵州卫视, 有效: 7, IPv4: 7, IPv6: 0, 最小延迟: 77 ms, 最高速率: 29.35 MiB/s, 平均速率: 21.01 MiB/s, 最高分辨率: 1920x1080, 平均帧率: 未知, 视频编解码器: 未知, 音频编解码器: 未知
分类: 🐧┃卫视频道, 名称: 海南卫视, 有效: 7, IPv4: 9, IPv6: 0, 最小延迟: 67 ms, 最高速率: 33.04 MiB/s, 平均速率: 18.84 MiB/s, 最高分辨率: 1920x1080, 平均帧率: 未知, 视频编解码器: 未知, 音频编解码器: 未知
分类: 🐧┃卫视频道, 名称: 河北卫视, 有效: 7, IPv4: 8, IPv6: 0, 最小延迟: 98 ms, 最高速率: 27.97 MiB/s, 平均速率: 20.10 MiB/s, 最高分辨率: 1920x1080, 平均帧率: 未知, 视频编解码器: 未知, 音频编解码器: 未知
分类: 🐧┃卫视频道, 名称: 河南卫视, 有效: 6, IPv4: 9, IPv6: 0, 最小延迟: 69 ms, 最高速率: 31.86 MiB/s, 平均速率: 18.62 MiB/s, 最高分辨率: 1920x1080, 平均帧率: 未知, 视频编解码器: 未知, 音频编解码器: 未知
分类: 🐧┃卫视频道, 名称: 吉林卫视, 有效: 6, IPv4: 7, IPv6: 0, 最小延迟: 66 ms, 最高速率: 33.40 MiB/s, 平均速率: 26.04 MiB/s, 最高分辨率: 1920x1080, 平均帧率: 未知, 视频编解码器: 未知, 音频编解码器: 未知
分类: 🐧┃卫视频道, 名称: 江西卫视, 有效: 6, IPv4: 8, IPv6: 0, 最小延迟: 59 ms, 最高速率: 36.37 MiB/s, 平均速率: 27.58 MiB/s, 最高分辨率: 1920x1080, 平均帧率: 50.0, 视频编解码器: h264, 音频编解码器: ac3
分类: 🐧┃卫视频道, 名称: 辽宁卫视, 有效: 6, IPv4: 7, IPv6: 0, 最小延迟: 54 ms, 最高速率: 35.42 MiB/s, 平均速率: 27.44 MiB/s, 最高分辨率: 1920x1080, 平均帧率: 未知, 视频编解码器: 未知, 音频编解码器: 未知
分类: 🐧┃卫视频道, 名称: 内蒙古卫视, 有效: 6, IPv4: 6, IPv6: 0, 最小延迟: 62 ms, 最高速率: 32.90 MiB/s, 平均速率: 30.52 MiB/s, 最高分辨率: 1920x1080, 平均帧率: 未知, 视频编解码器: 未知, 音频编解码器: 未知
分类: 🐧┃卫视频道, 名称: 宁夏卫视, 有效: 5, IPv4: 9, IPv6: 0, 最小延迟: 56 ms, 最高速率: 35.35 MiB/s, 平均速率: 32.03 MiB/s, 最高分辨率: 1920x1080, 平均帧率: 25.0, 视频编解码器: h264, 音频编解码器: aac
分类: 🐧┃卫视频道, 名称: 青海卫视, 有效: 5, IPv4: 7, IPv6: 0, 最小延迟: 64 ms, 最高速率: 34.23 MiB/s, 平均速率: 25.17 MiB/s, 最高分辨率: 1920x1080, 平均帧率: 未知, 视频编解码器: 未知, 音频编解码器: 未知
分类: 🐧┃卫视频道, 名称: 山东卫视, 有效: 5, IPv4: 9, IPv6: 0, 最小延迟: 62 ms, 最高速率: 33.78 MiB/s, 平均速率: 25.50 MiB/s, 最高分辨率: 1920x1080, 平均帧率: 50.0, 视频编解码器: h264, 音频编解码器: ac3
分类: 🐧┃卫视频道, 名称: 山西卫视, 有效: 5, IPv4: 6, IPv6: 0, 最小延迟: 57 ms, 最高速率: 35.78 MiB/s, 平均速率: 32.58 MiB/s, 最高分辨率: 1920x1080, 平均帧率: 未知, 视频编解码器: 未知, 音频编解码器: 未知
分类: 🐧┃卫视频道, 名称: 陕西卫视, 有效: 6, IPv4: 8, IPv6: 0, 最小延迟: 55 ms, 最高速率: 36.05 MiB/s, 平均速率: 31.64 MiB/s, 最高分辨率: 1920x1080, 平均帧率: 未知, 视频编解码器: 未知, 音频编解码器: 未知
分类: 🐧┃卫视频道, 名称: 四川卫视, 有效: 6, IPv4: 7, IPv6: 0, 最小延迟: 60 ms, 最高速率: 34.10 MiB/s, 平均速率: 29.74 MiB/s, 最高分辨率: 1920x1080, 平均帧率: 未知, 视频编解码器: 未知, 音频编解码器: 未知
分类: 🐧┃卫视频道, 名称: 三沙卫视, 有效: 7, IPv4: 7, IPv6: 0, 最小延迟: 57 ms, 最高速率: 33.23 MiB/s, 平均速率: 24.80 MiB/s, 最高分辨率: 1920x1080, 平均帧率: 25.0, 视频编解码器: h264, 音频编解码器: aac
分类: 🐧┃卫视频道, 名称: 天津卫视, 有效: 6, IPv4: 7, IPv6: 0, 最小延迟: 58 ms, 最高速率: 34.79 MiB/s, 平均速率: 28.39 MiB/s, 最高分辨率: 1920x1080, 平均帧率: 未知, 视频编解码器: 未知, 音频编解码器: 未知
分类: 🐧┃卫视频道, 名称: 西藏卫视, 有效: 6, IPv4: 6, IPv6: 0, 最小延迟: 71 ms, 最高速率: 31.85 MiB/s, 平均速率: 25.43 MiB/s, 最高分辨率: 1920x1080, 平均帧率: 未知, 视频编解码器: 未知, 音频编解码器: 未知
分类: 🐧┃卫视频道, 名称: 新疆卫视, 有效: 6, IPv4: 10, IPv6: 0, 最小延迟: 36 ms, 最高速率: 20.19 MiB/s, 平均速率: 12.34 MiB/s, 最高分辨率: 1920x1080, 平均帧率: 33.33, 视频编解码器: h264, 音频编解码器: mp2
分类: 🐧┃卫视频道, 名称: 云南卫视, 有效: 6, IPv4: 6, IPv6: 0, 最小延迟: 56 ms, 最高速率: 36.99 MiB/s, 平均速率: 33.89 MiB/s, 最高分辨率: 1920x1080, 平均帧率: 未知, 视频编解码器: 未知, 音频编解码器: 未知
分类: 🚂┃湾区频道, 名称: 翡翠台, 有效: 3, IPv4: 46, IPv6: 0, 最小延迟: 53 ms, 最高速率: 8.78 MiB/s, 平均速率: 6.03 MiB/s, 最高分辨率: 1920x1080, 平均帧率: 26.25, 视频编解码器: h264, 音频编解码器: aac
分类: 🚂┃湾区频道, 名称: 翡翠台 backup, 有效: 0, IPv4: 2, IPv6: 0, 最小延迟: — ms, 最高速率: 0.00 MiB/s, 平均速率: 0.00 MiB/s, 最高分辨率: —, 平均帧率: 未知, 视频编解码器: 未知, 音频编解码器: 未知
分类: 🚂┃湾区频道, 名称: iNews 新闻台, 有效: 0, IPv4: 1, IPv6: 0, 最小延迟: — ms, 最高速率: 0.00 MiB/s, 平均速率: 0.00 MiB/s, 最高分辨率: —, 平均帧率: 未知, 视频编解码器: 未知, 音频编解码器: 未知
分类: 🚂┃湾区频道, 名称: 珍珠台, 有效: 0, IPv4: 1, IPv6: 0, 最小延迟: — ms, 最高速率: 0.00 MiB/s, 平均速率: 0.00 MiB/s, 最高分辨率: —, 平均帧率: 未知, 视频编解码器: 未知, 音频编解码器: 未知
分类: 🚂┃湾区频道, 名称: J 2, 有效: 0, IPv4: 1, IPv6: 0, 最小延迟: — ms, 最高速率: 0.00 MiB/s, 平均速率: 0.00 MiB/s, 最高分辨率: —, 平均帧率: 未知, 视频编解码器: 未知, 音频编解码器: 未知
分类: 🚂┃湾区频道, 名称: 凤凰香港, 有效: 2, IPv4: 31, IPv6: 0, 最小延迟: 31 ms, 最高速率: 43.57 MiB/s, 平均速率: 23.50 MiB/s, 最高分辨率: 1920x1080, 平均帧率: 27.5, 视频编解码器: h264, 音频编解码器: aac
分类: 🚂┃湾区频道, 名称: HOY资讯台, 有效: 1, IPv4: 7, IPv6: 0, 最小延迟: 50 ms, 最高速率: 14.57 MiB/s, 平均速率: 14.57 MiB/s, 最高分辨率: 1920x1080, 平均帧率: 未知, 视频编解码器: 未知, 音频编解码器: 未知
分类: 🚂┃湾区频道, 名称: RHK 31, 有效: 0, IPv4: 2, IPv6: 0, 最小延迟: — ms, 最高速率: 0.00 MiB/s, 平均速率: 0.00 MiB/s, 最高分辨率: —, 平均帧率: 未知, 视频编解码器: 未知, 音频编解码器: 未知
分类: 🚂┃湾区频道, 名称: VIUTV1, 有效: 0, IPv4: 2, IPv6: 0, 最小延迟: — ms, 最高速率: 0.00 MiB/s, 平均速率: 0.00 MiB/s, 最高分辨率: —, 平均帧率: 未知, 视频编解码器: 未知, 音频编解码器: 未知
分类: 🚂┃湾区频道, 名称: RHK 32, 有效: 0, IPv4: 2, IPv6: 0, 最小延迟: — ms, 最高速率: 0.00 MiB/s, 平均速率: 0.00 MiB/s, 最高分辨率: —, 平均帧率: 未知, 视频编解码器: 未知, 音频编解码器: 未知
分类: 🚂┃湾区频道, 名称: 凤凰卫视, 有效: 0, IPv4: 5, IPv6: 0, 最小延迟: 31 ms, 最高速率: 4.83 MiB/s, 平均速率: 0.00 MiB/s, 最高分辨率: 840x480, 平均帧率: 30.0, 视频编解码器: h264, 音频编解码器: aac
分类: 🚂┃湾区频道, 名称: 凤凰资讯, 有效: 5, IPv4: 31, IPv6: 0, 最小延迟: 62 ms, 最高速率: 33.06 MiB/s, 平均速率: 8.80 MiB/s, 最高分辨率: 1920x1080, 平均帧率: 29.97, 视频编解码器: h264, 音频编解码器: aac
分类: 🚂┃湾区频道, 名称: Viu6, 有效: 0, IPv4: 2, IPv6: 0, 最小延迟: — ms, 最高速率: 0.00 MiB/s, 平均速率: 0.00 MiB/s, 最高分辨率: —, 平均帧率: 未知, 视频编解码器: 未知, 音频编解码器: 未知
分类: 🚂┃湾区频道, 名称: 公视, 有效: 2, IPv4: 12, IPv6: 0, 最小延迟: 34 ms, 最高速率: 12.66 MiB/s, 平均速率: 8.95 MiB/s, 最高分辨率: 1920x1080, 平均帧率: 29.97, 视频编解码器: hevc, 音频编解码器: aac
分类: 🚂┃湾区频道, 名称: 民视, 有效: 3, IPv4: 12, IPv6: 0, 最小延迟: 34 ms, 最高速率: 19.56 MiB/s, 平均速率: 11.59 MiB/s, 最高分辨率: 1920x1080, 平均帧率: 未知, 视频编解码器: 未知, 音频编解码器: 未知
分类: 🚂┃湾区频道, 名称: 中视, 有效: 3, IPv4: 18, IPv6: 0, 最小延迟: 33 ms, 最高速率: 12.67 MiB/s, 平均速率: 6.55 MiB/s, 最高分辨率: 1920x1080, 平均帧率: 29.97, 视频编解码器: hevc, 音频编解码器: aac
分类: 🚂┃湾区频道, 名称: 华视, 有效: 3, IPv4: 19, IPv6: 0, 最小延迟: 33 ms, 最高速率: 12.23 MiB/s, 平均速率: 6.61 MiB/s, 最高分辨率: 1920x1080, 平均帧率: 29.97, 视频编解码器: hevc, 音频编解码器: aac
分类: 🚂┃湾区频道, 名称: 台视, 有效: 3, IPv4: 16, IPv6: 0, 最小延迟: 39 ms, 最高速率: 5.43 MiB/s, 平均速率: 4.30 MiB/s, 最高分辨率: 1920x1080, 平均帧率: 未知, 视频编解码器: 未知, 音频编解码器: 未知
分类: 🚂┃湾区频道, 名称: tvbs, 有效: 1, IPv4: 4, IPv6: 0, 最小延迟: 190 ms, 最高速率: 0.22 MiB/s, 平均速率: 0.22 MiB/s, 最高分辨率: 1280x720, 平均帧率: 未知, 视频编解码器: 未知, 音频编解码器: 未知
分类: 🚂┃湾区频道, 名称: 凤凰中文, 有效: 5, IPv4: 9, IPv6: 0, 最小延迟: 39 ms, 最高速率: 32.33 MiB/s, 平均速率: 23.63 MiB/s, 最高分辨率: 1920x1080, 平均帧率: 未知, 视频编解码器: 未知, 音频编解码器: 未知
分类: 🚂┃湾区频道, 名称: 寰宇, 有效: 0, IPv4: 1, IPv6: 0, 最小延迟: — ms, 最高速率: 0.00 MiB/s, 平均速率: 0.00 MiB/s, 最高分辨率: —, 平均帧率: 未知, 视频编解码器: 未知, 音频编解码器: 未知
分类: 🚂┃湾区频道, 名称: tvN, 有效: 0, IPv4: 9, IPv6: 0, 最小延迟: 1456 ms, 最高速率: 0.09 MiB/s, 平均速率: 0.00 MiB/s, 最高分辨率: 1920x1080, 平均帧率: 29.97, 视频编解码器: 未知, 音频编解码器: 未知
分类: 🚂┃湾区频道, 名称: PopC, 有效: 2, IPv4: 12, IPv6: 0, 最小延迟: 33 ms, 最高速率: 12.37 MiB/s, 平均速率: 12.20 MiB/s, 最高分辨率: 1920x1080, 平均帧率: 未知, 视频编解码器: 未知, 音频编解码器: 未知
分类: 🚂┃湾区频道, 名称: 明珠台, 有效: 0, IPv4: 18, IPv6: 0, 最小延迟: 53 ms, 最高速率: 0.11 MiB/s, 平均速率: 0.00 MiB/s, 最高分辨率: —, 平均帧率: 未知, 视频编解码器: 未知, 音频编解码器: 未知
分类: 🚂┃湾区频道, 名称: J2, 有效: 0, IPv4: 3, IPv6: 0, 最小延迟: — ms, 最高速率: 0.00 MiB/s, 平均速率: 0.00 MiB/s, 最高分辨率: —, 平均帧率: 未知, 视频编解码器: 未知, 音频编解码器: 未知
分类: 🚂┃湾区频道, 名称: 无线明珠, 有效: 0, IPv4: 1, IPv6: 0, 最小延迟: — ms, 最高速率: 0.00 MiB/s, 平均速率: 0.00 MiB/s, 最高分辨率: —, 平均帧率: 未知, 视频编解码器: 未知, 音频编解码器: 未知
分类: 🚂┃湾区频道, 名称: 娱乐新闻台, 有效: 4, IPv4: 5, IPv6: 0, 最小延迟: 33 ms, 最高速率: 13.07 MiB/s, 平均速率: 12.63 MiB/s, 最高分辨率: 1920x1080, 平均帧率: 未知, 视频编解码器: 未知, 音频编解码器: 未知
分类: 🚂┃湾区频道, 名称: 無線新聞台, 有效: 5, IPv4: 15, IPv6: 0, 最小延迟: 13 ms, 最高速率: 42.06 MiB/s, 平均速率: 16.68 MiB/s, 最高分辨率: 1920x1080, 平均帧率: 未知, 视频编解码器: 未知, 音频编解码器: 未知
分类: 🚂┃湾区频道, 名称: 有线新闻, 有效: 11, IPv4: 11, IPv6: 0, 最小延迟: 197 ms, 最高速率: 0.31 MiB/s, 平均速率: 0.26 MiB/s, 最高分辨率: 1280x720, 平均帧率: 未知, 视频编解码器: 未知, 音频编解码器: 未知
分类: 🚂┃湾区频道, 名称: TVBS新闻, 有效: 0, IPv4: 7, IPv6: 0, 最小延迟: 499 ms, 最高速率: 0.00 MiB/s, 平均速率: 0.00 MiB/s, 最高分辨率: —, 平均帧率: 未知, 视频编解码器: 未知, 音频编解码器: 未知
分类: 🚂┃湾区频道, 名称: TVBS欢乐, 有效: 0, IPv4: 4, IPv6: 0, 最小延迟: — ms, 最高速率: 0.00 MiB/s, 平均速率: 0.00 MiB/s, 最高分辨率: —, 平均帧率: 未知, 视频编解码器: 未知, 音频编解码器: 未知
分类: 🚂┃湾区频道, 名称: 寰宇新聞台, 有效: 1, IPv4: 9, IPv6: 0, 最小延迟: 97 ms, 最高速率: 2.16 MiB/s, 平均速率: 2.16 MiB/s, 最高分辨率: 1920x1080, 平均帧率: 30.0, 视频编解码器: h264, 音频编解码器: aac
分类: 🚂┃湾区频道, 名称: now新闻, 有效: 0, IPv4: 2, IPv6: 0, 最小延迟: — ms, 最高速率: 0.00 MiB/s, 平均速率: 0.00 MiB/s, 最高分辨率: —, 平均帧率: 未知, 视频编解码器: 未知, 音频编解码器: 未知
分类: 🚂┃湾区频道, 名称: ROCK Action, 有效: 1, IPv4: 10, IPv6: 0, 最小延迟: 77 ms, 最高速率: 3.83 MiB/s, 平均速率: 3.83 MiB/s, 最高分辨率: 1920x1080, 平均帧率: 30.0, 视频编解码器: h264, 音频编解码器: aac
分类: 🚂┃湾区频道, 名称: TVB星河, 有效: 0, IPv4: 10, IPv6: 0, 最小延迟: 389 ms, 最高速率: 0.26 MiB/s, 平均速率: 0.00 MiB/s, 最高分辨率: 720x576, 平均帧率: 25.0, 视频编解码器: mpeg2video, 音频编解码器: mp2
分类: 🚂┃湾区频道, 名称: 千禧经典台, 有效: 0, IPv4: 5, IPv6: 0, 最小延迟: 480 ms, 最高速率: 0.01 MiB/s, 平均速率: 0.00 MiB/s, 最高分辨率: —, 平均帧率: 未知, 视频编解码器: 未知, 音频编解码器: 未知
分类: 🚂┃湾区频道, 名称: 翡翠综合台(北美), 有效: 0, IPv4: 1, IPv6: 0, 最小延迟: — ms, 最高速率: 0.00 MiB/s, 平均速率: 0.00 MiB/s, 最高分辨率: —, 平均帧率: 未知, 视频编解码器: 未知, 音频编解码器: 未知
分类: 🚂┃湾区频道, 名称: AMC電影台, 有效: 0, IPv4: 1, IPv6: 0, 最小延迟: — ms, 最高速率: 0.00 MiB/s, 平均速率: 0.00 MiB/s, 最高分辨率: —, 平均帧率: 未知, 视频编解码器: 未知, 音频编解码器: 未知
分类: 🚂┃湾区频道, 名称: Animax, 有效: 2, IPv4: 10, IPv6: 0, 最小延迟: 13 ms, 最高速率: 46.28 MiB/s, 平均速率: 39.32 MiB/s, 最高分辨率: 1920x1080, 平均帧率: 29.98, 视频编解码器: hevc, 音频编解码器: aac
分类: 🚂┃湾区频道, 名称: 美亚电影台, 有效: 2, IPv4: 7, IPv6: 0, 最小延迟: 34 ms, 最高速率: 12.81 MiB/s, 平均速率: 12.48 MiB/s, 最高分辨率: 1920x1080, 平均帧率: 未知, 视频编解码器: 未知, 音频编解码器: 未知
分类: 🚂┃湾区频道, 名称: 美亚电影粤, 有效: 0, IPv4: 2, IPv6: 0, 最小延迟: — ms, 最高速率: 0.00 MiB/s, 平均速率: 0.00 MiB/s, 最高分辨率: —, 平均帧率: 未知, 视频编解码器: 未知, 音频编解码器: 未知
分类: 🚂┃湾区频道, 名称: HOYTV, 有效: 0, IPv4: 3, IPv6: 0, 最小延迟: — ms, 最高速率: 0.00 MiB/s, 平均速率: 0.00 MiB/s, 最高分辨率: —, 平均帧率: 未知, 视频编解码器: 未知, 音频编解码器: 未知
分类: 🚂┃湾区频道, 名称: TVB Plus, 有效: 0, IPv4: 13, IPv6: 0, 最小延迟: 228 ms, 最高速率: 0.05 MiB/s, 平均速率: 0.00 MiB/s, 最高分辨率: —, 平均帧率: 未知, 视频编解码器: 未知, 音频编解码器: 未知
分类: 🚂┃湾区频道, 名称: 三立台湾, 有效: 0, IPv4: 4, IPv6: 0, 最小延迟: — ms, 最高速率: 0.00 MiB/s, 平均速率: 0.00 MiB/s, 最高分辨率: —, 平均帧率: 未知, 视频编解码器: 未知, 音频编解码器: 未知
分类: 🚂┃湾区频道, 名称: 三立新闻, 有效: 0, IPv4: 9, IPv6: 0, 最小延迟: — ms, 最高速率: 0.00 MiB/s, 平均速率: 0.00 MiB/s, 最高分辨率: —, 平均帧率: 未知, 视频编解码器: 未知, 音频编解码器: 未知
分类: 🚂┃湾区频道, 名称: 东森综合, 有效: 1, IPv4: 9, IPv6: 0, 最小延迟: 39 ms, 最高速率: 12.18 MiB/s, 平均速率: 12.18 MiB/s, 最高分辨率: 1920x1080, 平均帧率: 未知, 视频编解码器: 未知, 音频编解码器: 未知
分类: 🚂┃湾区频道, 名称: 美亞電影台(HK), 有效: 0, IPv4: 1, IPv6: 0, 最小延迟: — ms, 最高速率: 0.00 MiB/s, 平均速率: 0.00 MiB/s, 最高分辨率: —, 平均帧率: 未知, 视频编解码器: 未知, 音频编解码器: 未知
分类: 🚂┃湾区频道, 名称: Hoy 78, 有效: 0, IPv4: 1, IPv6: 0, 最小延迟: — ms, 最高速率: 0.00 MiB/s, 平均速率: 0.00 MiB/s, 最高分辨率: —, 平均帧率: 未知, 视频编解码器: 未知, 音频编解码器: 未知
分类: 🚂┃湾区频道, 名称: 东森超视, 有效: 1, IPv4: 5, IPv6: 0, 最小延迟: 154 ms, 最高速率: 0.88 MiB/s, 平均速率: 0.88 MiB/s, 最高分辨率: 1920x1080, 平均帧率: 29.97, 视频编解码器: h264, 音频编解码器: aac
分类: 🚂┃湾区频道, 名称: 东森电影, 有效: 1, IPv4: 10, IPv6: 0, 最小延迟: 33 ms, 最高速率: 12.56 MiB/s, 平均速率: 12.56 MiB/s, 最高分辨率: 1920x1080, 平均帧率: 未知, 视频编解码器: 未知, 音频编解码器: 未知
分类: 🚂┃湾区频道, 名称: Now星影台, 有效: 0, IPv4: 6, IPv6: 0, 最小延迟: 99 ms, 最高速率: 0.00 MiB/s, 平均速率: 0.00 MiB/s, 最高分辨率: 1280x720, 平均帧率: 未知, 视频编解码器: 未知, 音频编解码器: 未知
分类: 🚂┃湾区频道, 名称: Now剧集, 有效: 0, IPv4: 1, IPv6: 0, 最小延迟: — ms, 最高速率: 0.00 MiB/s, 平均速率: 0.00 MiB/s, 最高分辨率: —, 平均帧率: 未知, 视频编解码器: 未知, 音频编解码器: 未知
分类: 🚂┃湾区频道, 名称: Now华剧, 有效: 0, IPv4: 1, IPv6: 0, 最小延迟: — ms, 最高速率: 0.00 MiB/s, 平均速率: 0.00 MiB/s, 最高分辨率: —, 平均帧率: 未知, 视频编解码器: 未知, 音频编解码器: 未知
分类: 🚂┃湾区频道, 名称: 靖天资讯, 有效: 0, IPv4: 6, IPv6: 0, 最小延迟: — ms, 最高速率: 0.00 MiB/s, 平均速率: 0.00 MiB/s, 最高分辨率: —, 平均帧率: 未知, 视频编解码器: 未知, 音频编解码器: 未知
分类: 🚂┃湾区频道, 名称: 靖天電影台, 有效: 0, IPv4: 4, IPv6: 0, 最小延迟: — ms, 最高速率: 0.00 MiB/s, 平均速率: 0.00 MiB/s, 最高分辨率: —, 平均帧率: 未知, 视频编解码器: 未知, 音频编解码器: 未知
分类: 🚂┃湾区频道, 名称: 星卫娱乐, 有效: 0, IPv4: 1, IPv6: 0, 最小延迟: — ms, 最高速率: 0.00 MiB/s, 平均速率: 0.00 MiB/s, 最高分辨率: —, 平均帧率: 未知, 视频编解码器: 未知, 音频编解码器: 未知
分类: 🚂┃湾区频道, 名称: amc电影台, 有效: 1, IPv4: 3, IPv6: 0, 最小延迟: 34 ms, 最高速率: 12.54 MiB/s, 平均速率: 12.54 MiB/s, 最高分辨率: 1920x1080, 平均帧率: 未知, 视频编解码器: 未知, 音频编解码器: 未知
分类: 🚂┃湾区频道, 名称: RTHK 31, 有效: 2, IPv4: 12, IPv6: 0, 最小延迟: 36 ms, 最高速率: 12.20 MiB/s, 平均速率: 7.31 MiB/s, 最高分辨率: 1920x1080, 平均帧率: 未知, 视频编解码器: 未知, 音频编解码器: 未知
分类: 🚂┃湾区频道, 名称: SUPER Kids Channel, 有效: 0, IPv4: 1, IPv6: 0, 最小延迟: — ms, 最高速率: 0.00 MiB/s, 平均速率: 0.00 MiB/s, 最高分辨率: —, 平均帧率: 未知, 视频编解码器: 未知, 音频编解码器: 未知
分类: 🚂┃湾区频道, 名称: RTHK 32, 有效: 1, IPv4: 11, IPv6: 0, 最小延迟: 33 ms, 最高速率: 12.83 MiB/s, 平均速率: 12.83 MiB/s, 最高分辨率: 1920x1080, 平均帧率: 未知, 视频编解码器: 未知, 音频编解码器: 未知
分类: 🚂┃湾区频道, 名称: Channel 5 HD, 有效: 0, IPv4: 1, IPv6: 0, 最小延迟: — ms, 最高速率: 0.00 MiB/s, 平均速率: 0.00 MiB/s, 最高分辨率: —, 平均帧率: 未知, 视频编解码器: 未知, 音频编解码器: 未知
分类: 🚂┃湾区频道, 名称: RTHK 33, 有效: 0, IPv4: 16, IPv6: 0, 最小延迟: 516 ms, 最高速率: 0.15 MiB/s, 平均速率: 0.00 MiB/s, 最高分辨率: —, 平均帧率: 未知, 视频编解码器: 未知, 音频编解码器: 未知
分类: 🚂┃湾区频道, 名称: Channel 8 HD, 有效: 0, IPv4: 1, IPv6: 0, 最小延迟: — ms, 最高速率: 0.00 MiB/s, 平均速率: 0.00 MiB/s, 最高分辨率: —, 平均帧率: 未知, 视频编解码器: 未知, 音频编解码器: 未知
分类: 🚂┃湾区频道, 名称: Channel U HD, 有效: 0, IPv4: 1, IPv6: 0, 最小延迟: — ms, 最高速率: 0.00 MiB/s, 平均速率: 0.00 MiB/s, 最高分辨率: —, 平均帧率: 未知, 视频编解码器: 未知, 音频编解码器: 未知
分类: 🚂┃湾区频道, 名称: RTHK 34, 有效: 0, IPv4: 3, IPv6: 0, 最小延迟: — ms, 最高速率: 0.00 MiB/s, 平均速率: 0.00 MiB/s, 最高分辨率: —, 平均帧率: 未知, 视频编解码器: 未知, 音频编解码器: 未知
分类: 🚂┃湾区频道, 名称: RTHK 35, 有效: 0, IPv4: 19, IPv6: 0, 最小延迟: 476 ms, 最高速率: 0.35 MiB/s, 平均速率: 0.00 MiB/s, 最高分辨率: 1920x1080, 平均帧率: 25.0, 视频编解码器: h264, 音频编解码器: mp2
分类: 🚂┃湾区频道, 名称: 中天新聞台, 有效: 1, IPv4: 5, IPv6: 0, 最小延迟: 98 ms, 最高速率: 3.53 MiB/s, 平均速率: 3.53 MiB/s, 最高分辨率: 1920x1080, 平均帧率: 29.97, 视频编解码器: h264, 音频编解码器: aac
分类: 🚂┃湾区频道, 名称: 中天亞洲台, 有效: 0, IPv4: 1, IPv6: 0, 最小延迟: 181 ms, 最高速率: 0.00 MiB/s, 平均速率: 0.00 MiB/s, 最高分辨率: —, 平均帧率: 未知, 视频编解码器: 未知, 音频编解码器: 未知
分类: 🚂┃湾区频道, 名称: 中視, 有效: 1, IPv4: 6, IPv6: 0, 最小延迟: 53 ms, 最高速率: 4.70 MiB/s, 平均速率: 4.70 MiB/s, 最高分辨率: 1920x1080, 平均帧率: 30.0, 视频编解码器: h264, 音频编解码器: aac
分类: 🚂┃湾区频道, 名称: 千禧經典台, 有效: 0, IPv4: 1, IPv6: 0, 最小延迟: 99 ms, 最高速率: 0.00 MiB/s, 平均速率: 0.00 MiB/s, 最高分辨率: —, 平均帧率: 未知, 视频编解码器: 未知, 音频编解码器: 未知
分类: 🚂┃湾区频道, 名称: 日本全天新聞, 有效: 0, IPv4: 1, IPv6: 0, 最小延迟: — ms, 最高速率: 0.00 MiB/s, 平均速率: 0.00 MiB/s, 最高分辨率: —, 平均帧率: 未知, 视频编解码器: 未知, 音频编解码器: 未知
分类: 🚂┃湾区频道, 名称: 爆谷台, 有效: 1, IPv4: 2, IPv6: 0, 最小延迟: 54 ms, 最高速率: 3.52 MiB/s, 平均速率: 3.52 MiB/s, 最高分辨率: 1280x720, 平均帧率: 50.0, 视频编解码器: h264, 音频编解码器: aac
分类: 🚂┃湾区频道, 名称: 華視, 有效: 1, IPv4: 5, IPv6: 0, 最小延迟: 291 ms, 最高速率: 4.58 MiB/s, 平均速率: 4.58 MiB/s, 最高分辨率: 1920x1080, 平均帧率: 30.0, 视频编解码器: h264, 音频编解码器: aac
分类: 🚂┃湾区频道, 名称: 龍華日韓台, 有效: 0, IPv4: 1, IPv6: 0, 最小延迟: — ms, 最高速率: 0.00 MiB/s, 平均速率: 0.00 MiB/s, 最高分辨率: —, 平均帧率: 未知, 视频编解码器: 未知, 音频编解码器: 未知
分类: 🚂┃湾区频道, 名称: 龍華電影台, 有效: 0, IPv4: 3, IPv6: 0, 最小延迟: 199 ms, 最高速率: 0.00 MiB/s, 平均速率: 0.00 MiB/s, 最高分辨率: —, 平均帧率: 未知, 视频编解码器: 未知, 音频编解码器: 未知
分类: 🚂┃湾区频道, 名称: TVBS亚洲, 有效: 5, IPv4: 12, IPv6: 0, 最小延迟: 92 ms, 最高速率: 1.19 MiB/s, 平均速率: 0.84 MiB/s, 最高分辨率: 1920x1080, 平均帧率: 29.97, 视频编解码器: h264, 音频编解码器: aac
分类: 🚂┃湾区频道, 名称: 纬来体育, 有效: 1, IPv4: 6, IPv6: 0, 最小延迟: 33 ms, 最高速率: 12.34 MiB/s, 平均速率: 12.34 MiB/s, 最高分辨率: 1920x1080, 平均帧率: 未知, 视频编解码器: 未知, 音频编解码器: 未知
分类: 🚂┃湾区频道, 名称: 纬来育乐, 有效: 2, IPv4: 8, IPv6: 0, 最小延迟: 35 ms, 最高速率: 12.23 MiB/s, 平均速率: 12.11 MiB/s, 最高分辨率: 1920x1080, 平均帧率: 未知, 视频编解码器: 未知, 音频编解码器: 未知
分类: 🚂┃湾区频道, 名称: 愛爾達娛樂台, 有效: 0, IPv4: 1, IPv6: 0, 最小延迟: 198 ms, 最高速率: 0.00 MiB/s, 平均速率: 0.00 MiB/s, 最高分辨率: —, 平均帧率: 未知, 视频编解码器: 未知, 音频编解码器: 未知
分类: 🚂┃湾区频道, 名称: BBC Cbeebies, 有效: 0, IPv4: 1, IPv6: 0, 最小延迟: — ms, 最高速率: 0.00 MiB/s, 平均速率: 0.00 MiB/s, 最高分辨率: —, 平均帧率: 未知, 视频编解码器: 未知, 音频编解码器: 未知
分类: 🚂┃湾区频道, 名称: BBC Earth, 有效: 0, IPv4: 2, IPv6: 0, 最小延迟: — ms, 最高速率: 0.00 MiB/s, 平均速率: 0.00 MiB/s, 最高分辨率: —, 平均帧率: 未知, 视频编解码器: 未知, 音频编解码器: 未知
分类: 🚂┃湾区频道, 名称: BBC NEWS, 有效: 1, IPv4: 8, IPv6: 0, 最小延迟: 179 ms, 最高速率: 2.19 MiB/s, 平均速率: 2.19 MiB/s, 最高分辨率: 1920x1080, 平均帧率: 25.0, 视频编解码器: h264, 音频编解码器: aac
分类: 🚂┃湾区频道, 名称: BBC Lifestyle, 有效: 0, IPv4: 1, IPv6: 0, 最小延迟: — ms, 最高速率: 0.00 MiB/s, 平均速率: 0.00 MiB/s, 最高分辨率: —, 平均帧率: 未知, 视频编解码器: 未知, 音频编解码器: 未知
分类: 🚂┃湾区频道, 名称: Bloomberg TV, 有效: 0, IPv4: 3, IPv6: 0, 最小延迟: — ms, 最高速率: 0.00 MiB/s, 平均速率: 0.00 MiB/s, 最高分辨率: —, 平均帧率: 未知, 视频编解码器: 未知, 音频编解码器: 未知
分类: 🚂┃湾区频道, 名称: Discovery Asia, 有效: 0, IPv4: 2, IPv6: 0, 最小延迟: — ms, 最高速率: 0.00 MiB/s, 平均速率: 0.00 MiB/s, 最高分辨率: —, 平均帧率: 未知, 视频编解码器: 未知, 音频编解码器: 未知
分类: 🚂┃湾区频道, 名称: Eurosport, 有效: 0, IPv4: 1, IPv6: 0, 最小延迟: — ms, 最高速率: 0.00 MiB/s, 平均速率: 0.00 MiB/s, 最高分辨率: —, 平均帧率: 未知, 视频编解码器: 未知, 音频编解码器: 未知
分类: 🚂┃湾区频道, 名称: DreamWorks 夢工廠動畫, 有效: 0, IPv4: 3, IPv6: 0, 最小延迟: — ms, 最高速率: 0.00 MiB/s, 平均速率: 0.00 MiB/s, 最高分辨率: —, 平均帧率: 未知, 视频编解码器: 未知, 音频编解码器: 未知
分类: 🚂┃湾区频道, 名称: Love Nature, 有效: 4, IPv4: 17, IPv6: 0, 最小延迟: 30 ms, 最高速率: 34.97 MiB/s, 平均速率: 25.27 MiB/s, 最高分辨率: 3840x2160, 平均帧率: 29.97, 视频编解码器: h264, 音频编解码器: aac
分类: 🅱┃台湾频道, 名称: TVBS News 新闻台, 有效: 0, IPv4: 1, IPv6: 0, 最小延迟: — ms, 最高速率: 0.00 MiB/s, 平均速率: 0.00 MiB/s, 最高分辨率: —, 平均帧率: 未知, 视频编解码器: 未知, 音频编解码器: 未知
分类: 🅱┃台湾频道, 名称: TVBS 欢乐台, 有效: 0, IPv4: 1, IPv6: 0, 最小延迟: — ms, 最高速率: 0.00 MiB/s, 平均速率: 0.00 MiB/s, 最高分辨率: —, 平均帧率: 未知, 视频编解码器: 未知, 音频编解码器: 未知
分类: 🅱┃台湾频道, 名称: TVBS HD, 有效: 0, IPv4: 2, IPv6: 0, 最小延迟: — ms, 最高速率: 0.00 MiB/s, 平均速率: 0.00 MiB/s, 最高分辨率: —, 平均帧率: 未知, 视频编解码器: 未知, 音频编解码器: 未知
分类: 🅱┃台湾频道, 名称: 中天亚洲台, 有效: 0, IPv4: 5, IPv6: 0, 最小延迟: — ms, 最高速率: 0.00 MiB/s, 平均速率: 0.00 MiB/s, 最高分辨率: —, 平均帧率: 未知, 视频编解码器: 未知, 音频编解码器: 未知
分类: 🅱┃台湾频道, 名称: 民视台湾台, 有效: 2, IPv4: 2, IPv6: 0, 最小延迟: 39 ms, 最高速率: 12.25 MiB/s, 平均速率: 8.71 MiB/s, 最高分辨率: 1920x1080, 平均帧率: 未知, 视频编解码器: 未知, 音频编解码器: 未知
分类: 🅱┃台湾频道, 名称: 台视新闻台, 有效: 1, IPv4: 1, IPv6: 0, 最小延迟: 256 ms, 最高速率: 2.49 MiB/s, 平均速率: 2.49 MiB/s, 最高分辨率: 1920x1080, 平均帧率: 未知, 视频编解码器: 未知, 音频编解码器: 未知
分类: 🅱┃台湾频道, 名称: CINEMAX, 有效: 0, IPv4: 10, IPv6: 0, 最小延迟: — ms, 最高速率: 0.00 MiB/s, 平均速率: 0.00 MiB/s, 最高分辨率: —, 平均帧率: 未知, 视频编解码器: 未知, 音频编解码器: 未知
分类: 🅱┃台湾频道, 名称: 三立戏剧台, 有效: 2, IPv4: 2, IPv6: 0, 最小延迟: 34 ms, 最高速率: 12.87 MiB/s, 平均速率: 6.54 MiB/s, 最高分辨率: 1920x1080, 平均帧率: 25.0, 视频编解码器: h264, 音频编解码器: aac
分类: 🅱┃台湾频道, 名称: 三立都会台, 有效: 1, IPv4: 1, IPv6: 0, 最小延迟: 33 ms, 最高速率: 12.41 MiB/s, 平均速率: 12.41 MiB/s, 最高分辨率: 1920x1080, 平均帧率: 未知, 视频编解码器: 未知, 音频编解码器: 未知
分类: 🅱┃台湾频道, 名称: 寰宇财经, 有效: 0, IPv4: 3, IPv6: 0, 最小延迟: — ms, 最高速率: 0.00 MiB/s, 平均速率: 0.00 MiB/s, 最高分辨率: —, 平均帧率: 未知, 视频编解码器: 未知, 音频编解码器: 未知
分类: 🅱┃台湾频道, 名称: 寰宇新闻台, 有效: 1, IPv4: 4, IPv6: 0, 最小延迟: 55 ms, 最高速率: 11.65 MiB/s, 平均速率: 11.65 MiB/s, 最高分辨率: 1920x1080, 平均帧率: 未知, 视频编解码器: 未知, 音频编解码器: 未知
分类: 🅱┃台湾频道, 名称: 龙华偶像, 有效: 0, IPv4: 10, IPv6: 0, 最小延迟: — ms, 最高速率: 0.00 MiB/s, 平均速率: 0.00 MiB/s, 最高分辨率: —, 平均帧率: 未知, 视频编解码器: 未知, 音频编解码器: 未知
分类: 🅱┃台湾频道, 名称: 大爱1台, 有效: 0, IPv4: 1, IPv6: 0, 最小延迟: — ms, 最高速率: 0.00 MiB/s, 平均速率: 0.00 MiB/s, 最高分辨率: —, 平均帧率: 未知, 视频编解码器: 未知, 音频编解码器: 未知
分类: 🅱┃台湾频道, 名称: 靖天国际台, 有效: 1, IPv4: 3, IPv6: 0, 最小延迟: 33 ms, 最高速率: 13.12 MiB/s, 平均速率: 13.12 MiB/s, 最高分辨率: 1920x1080, 平均帧率: 未知, 视频编解码器: 未知, 音频编解码器: 未知
分类: 🅱┃台湾频道, 名称: 年代新闻, 有效: 2, IPv4: 13, IPv6: 0, 最小延迟: 39 ms, 最高速率: 12.47 MiB/s, 平均速率: 11.43 MiB/s, 最高分辨率: 1920x1080, 平均帧率: 未知, 视频编解码器: 未知, 音频编解码器: 未知
分类: 🅱┃台湾频道, 名称: 纬来日本台, 有效: 0, IPv4: 1, IPv6: 0, 最小延迟: — ms, 最高速率: 0.00 MiB/s, 平均速率: 0.00 MiB/s, 最高分辨率: —, 平均帧率: 未知, 视频编解码器: 未知, 音频编解码器: 未知
分类: 🅱┃台湾频道, 名称: 纬来精彩, 有效: 1, IPv4: 3, IPv6: 0, 最小延迟: 286 ms, 最高速率: 0.22 MiB/s, 平均速率: 0.22 MiB/s, 最高分辨率: 1280x720, 平均帧率: 未知, 视频编解码器: 未知, 音频编解码器: 未知
分类: 🅱┃台湾频道, 名称: 亚洲美食, 有效: 0, IPv4: 2, IPv6: 0, 最小延迟: — ms, 最高速率: 0.00 MiB/s, 平均速率: 0.00 MiB/s, 最高分辨率: —, 平均帧率: 未知, 视频编解码器: 未知, 音频编解码器: 未知
分类: 🅱┃台湾频道, 名称: 大爱2台, 有效: 0, IPv4: 2, IPv6: 0, 最小延迟: — ms, 最高速率: 0.00 MiB/s, 平均速率: 0.00 MiB/s, 最高分辨率: —, 平均帧率: 未知, 视频编解码器: 未知, 音频编解码器: 未知
分类: 🅱┃台湾频道, 名称: 纬来电影台, 有效: 0, IPv4: 1, IPv6: 0, 最小延迟: — ms, 最高速率: 0.00 MiB/s, 平均速率: 0.00 MiB/s, 最高分辨率: —, 平均帧率: 未知, 视频编解码器: 未知, 音频编解码器: 未知
分类: 🅱┃台湾频道, 名称: 美食星球, 有效: 0, IPv4: 2, IPv6: 0, 最小延迟: — ms, 最高速率: 0.00 MiB/s, 平均速率: 0.00 MiB/s, 最高分辨率: —, 平均帧率: 未知, 视频编解码器: 未知, 音频编解码器: 未知
分类: 🅱┃台湾频道, 名称: 纬来体育台, 有效: 0, IPv4: 1, IPv6: 0, 最小延迟: — ms, 最高速率: 0.00 MiB/s, 平均速率: 0.00 MiB/s, 最高分辨率: —, 平均帧率: 未知, 视频编解码器: 未知, 音频编解码器: 未知
分类: 🅱┃台湾频道, 名称: 博斯无限, 有效: 0, IPv4: 9, IPv6: 0, 最小延迟: 196 ms, 最高速率: 0.00 MiB/s, 平均速率: 0.00 MiB/s, 最高分辨率: —, 平均帧率: 未知, 视频编解码器: 未知, 音频编解码器: 未知
分类: 🅱┃台湾频道, 名称: MTV Live, 有效: 1, IPv4: 6, IPv6: 0, 最小延迟: 177 ms, 最高速率: 0.55 MiB/s, 平均速率: 0.55 MiB/s, 最高分辨率: 1920x1080, 平均帧率: 未知, 视频编解码器: 未知, 音频编解码器: 未知
分类: 🅱┃台湾频道, 名称: 龙详时代, 有效: 0, IPv4: 1, IPv6: 0, 最小延迟: — ms, 最高速率: 0.00 MiB/s, 平均速率: 0.00 MiB/s, 最高分辨率: —, 平均帧率: 未知, 视频编解码器: 未知, 音频编解码器: 未知
分类: 🅱┃台湾频道, 名称: 靖天卡通台, 有效: 1, IPv4: 4, IPv6: 0, 最小延迟: 34 ms, 最高速率: 13.61 MiB/s, 平均速率: 13.61 MiB/s, 最高分辨率: 1920x1080, 平均帧率: 未知, 视频编解码器: 未知, 音频编解码器: 未知
分类: 🅱┃台湾频道, 名称: 美亚电影, 有效: 1, IPv4: 8, IPv6: 0, 最小延迟: 53 ms, 最高速率: 5.22 MiB/s, 平均速率: 5.22 MiB/s, 最高分辨率: 1280x720, 平均帧率: 未知, 视频编解码器: 未知, 音频编解码器: 未知
分类: 🅱┃台湾频道, 名称: 星卫电影, 有效: 0, IPv4: 2, IPv6: 0, 最小延迟: — ms, 最高速率: 0.00 MiB/s, 平均速率: 0.00 MiB/s, 最高分辨率: 1920x1080, 平均帧率: 未知, 视频编解码器: 未知, 音频编解码器: 未知
分类: 📚┃浙江频道, 名称: 浙江钱江, 有效: 0, IPv4: 6, IPv6: 0, 最小延迟: 215 ms, 最高速率: 0.30 MiB/s, 平均速率: 0.00 MiB/s, 最高分辨率: 1920x1080, 平均帧率: 25.0, 视频编解码器: h264, 音频编解码器: aac
分类: 📚┃浙江频道, 名称: 浙江生活, 有效: 1, IPv4: 2, IPv6: 0, 最小延迟: 369 ms, 最高速率: 0.50 MiB/s, 平均速率: 0.50 MiB/s, 最高分辨率: 1920x1080, 平均帧率: 25.0, 视频编解码器: h264, 音频编解码器: aac
分类: 📚┃浙江频道, 名称: 浙江经济生活, 有效: 0, IPv4: 5, IPv6: 0, 最小延迟: 318 ms, 最高速率: 0.38 MiB/s, 平均速率: 0.00 MiB/s, 最高分辨率: 1920x1080, 平均帧率: 25.0, 视频编解码器: h264, 音频编解码器: aac
分类: 📚┃浙江频道, 名称: 浙江教育, 有效: 1, IPv4: 2, IPv6: 0, 最小延迟: 270 ms, 最高速率: 0.41 MiB/s, 平均速率: 0.32 MiB/s, 最高分辨率: 1920x1080, 平均帧率: 25.0, 视频编解码器: h264, 音频编解码器: aac
分类: 📚┃浙江频道, 名称: 浙江民生, 有效: 1, IPv4: 5, IPv6: 0, 最小延迟: 215 ms, 最高速率: 0.43 MiB/s, 平均速率: 0.43 MiB/s, 最高分辨率: 1280x720, 平均帧率: 未知, 视频编解码器: 未知, 音频编解码器: 未知
分类: 📚┃浙江频道, 名称: 浙江新闻, 有效: 2, IPv4: 7, IPv6: 0, 最小延迟: 241 ms, 最高速率: 0.56 MiB/s, 平均速率: 0.44 MiB/s, 最高分辨率: 1920x1080, 平均帧率: 33.33, 视频编解码器: h264, 音频编解码器: aac
分类: 📚┃浙江频道, 名称: 浙江少儿, 有效: 0, IPv4: 6, IPv6: 0, 最小延迟: 344 ms, 最高速率: 0.50 MiB/s, 平均速率: 0.00 MiB/s, 最高分辨率: 1920x1080, 平均帧率: 25.0, 视频编解码器: h264, 音频编解码器: aac
分类: 📚┃浙江频道, 名称: 杭州综合, 有效: 0, IPv4: 3, IPv6: 0, 最小延迟: 533 ms, 最高速率: 0.00 MiB/s, 平均速率: 0.00 MiB/s, 最高分辨率: —, 平均帧率: 未知, 视频编解码器: 未知, 音频编解码器: 未知
分类: 📚┃浙江频道, 名称: 杭州西湖明珠, 有效: 0, IPv4: 2, IPv6: 0, 最小延迟: — ms, 最高速率: 0.00 MiB/s, 平均速率: 0.00 MiB/s, 最高分辨率: —, 平均帧率: 未知, 视频编解码器: 未知, 音频编解码器: 未知
分类: 📚┃浙江频道, 名称: 杭州生活, 有效: 0, IPv4: 3, IPv6: 0, 最小延迟: 541 ms, 最高速率: 0.05 MiB/s, 平均速率: 0.00 MiB/s, 最高分辨率: —, 平均帧率: 未知, 视频编解码器: 未知, 音频编解码器: 未知
分类: 📚┃浙江频道, 名称: 杭州明珠, 有效: 0, IPv4: 1, IPv6: 0, 最小延迟: 559 ms, 最高速率: 0.00 MiB/s, 平均速率: 0.00 MiB/s, 最高分辨率: —, 平均帧率: 未知, 视频编解码器: 未知, 音频编解码器: 未知
分类: 📚┃浙江频道, 名称: 杭州影视, 有效: 0, IPv4: 3, IPv6: 0, 最小延迟: 804 ms, 最高速率: 0.00 MiB/s, 平均速率: 0.00 MiB/s, 最高分辨率: —, 平均帧率: 未知, 视频编解码器: 未知, 音频编解码器: 未知
分类: 📚┃浙江频道, 名称: 杭州青少, 有效: 0, IPv4: 3, IPv6: 0, 最小延迟: 512 ms, 最高速率: 0.06 MiB/s, 平均速率: 0.00 MiB/s, 最高分辨率: —, 平均帧率: 未知, 视频编解码器: 未知, 音频编解码器: 未知
分类: 📚┃浙江频道, 名称: 杭州导视, 有效: 0, IPv4: 3, IPv6: 0, 最小延迟: 533 ms, 最高速率: 0.00 MiB/s, 平均速率: 0.00 MiB/s, 最高分辨率: —, 平均帧率: 未知, 视频编解码器: 未知, 音频编解码器: 未知
分类: 📚┃浙江频道, 名称: NBTV-1, 有效: 0, IPv4: 2, IPv6: 0, 最小延迟: — ms, 最高速率: 0.00 MiB/s, 平均速率: 0.00 MiB/s, 最高分辨率: —, 平均帧率: 未知, 视频编解码器: 未知, 音频编解码器: 未知
分类: 📚┃浙江频道, 名称: NBTV-2, 有效: 0, IPv4: 2, IPv6: 0, 最小延迟: — ms, 最高速率: 0.00 MiB/s, 平均速率: 0.00 MiB/s, 最高分辨率: —, 平均帧率: 未知, 视频编解码器: 未知, 音频编解码器: 未知
分类: 📚┃浙江频道, 名称: NBTV-3, 有效: 0, IPv4: 2, IPv6: 0, 最小延迟: — ms, 最高速率: 0.00 MiB/s, 平均速率: 0.00 MiB/s, 最高分辨率: —, 平均帧率: 未知, 视频编解码器: 未知, 音频编解码器: 未知
分类: 📚┃浙江频道, 名称: NBTV-4, 有效: 0, IPv4: 2, IPv6: 0, 最小延迟: — ms, 最高速率: 0.00 MiB/s, 平均速率: 0.00 MiB/s, 最高分辨率: —, 平均帧率: 未知, 视频编解码器: 未知, 音频编解码器: 未知
分类: 📚┃浙江频道, 名称: 浙江教科, 有效: 0, IPv4: 2, IPv6: 0, 最小延迟: 422 ms, 最高速率: 0.36 MiB/s, 平均速率: 0.00 MiB/s, 最高分辨率: 1920x1080, 平均帧率: 未知, 视频编解码器: 未知, 音频编解码器: 未知
分类: 📚┃浙江频道, 名称: 浙江经济, 有效: 1, IPv4: 2, IPv6: 0, 最小延迟: 321 ms, 最高速率: 0.25 MiB/s, 平均速率: 0.25 MiB/s, 最高分辨率: 1280x720, 平均帧率: 未知, 视频编解码器: 未知, 音频编解码器: 未知
分类: 📚┃浙江频道, 名称: 之江纪录, 有效: 1, IPv4: 3, IPv6: 0, 最小延迟: 215 ms, 最高速率: 0.36 MiB/s, 平均速率: 0.36 MiB/s, 最高分辨率: 1920x1080, 平均帧率: 25.0, 视频编解码器: h264, 音频编解码器: aac
分类: 📚┃浙江频道, 名称: 浙江国际, 有效: 1, IPv4: 10, IPv6: 0, 最小延迟: 215 ms, 最高速率: 0.44 MiB/s, 平均速率: 0.28 MiB/s, 最高分辨率: 1920x1080, 平均帧率: 25.0, 视频编解码器: h264, 音频编解码器: aac
分类: 📚┃浙江频道, 名称: 湖州新闻综合, 有效: 1, IPv4: 1, IPv6: 0, 最小延迟: 374 ms, 最高速率: 0.21 MiB/s, 平均速率: 0.21 MiB/s, 最高分辨率: 1280x720, 平均帧率: 未知, 视频编解码器: 未知, 音频编解码器: 未知
分类: 📚┃浙江频道, 名称: 丽水新闻, 有效: 0, IPv4: 1, IPv6: 0, 最小延迟: 500 ms, 最高速率: 0.00 MiB/s, 平均速率: 0.00 MiB/s, 最高分辨率: —, 平均帧率: 未知, 视频编解码器: 未知, 音频编解码器: 未知
分类: 📚┃浙江频道, 名称: 湖州文化娱乐, 有效: 0, IPv4: 1, IPv6: 0, 最小延迟: 413 ms, 最高速率: 0.19 MiB/s, 平均速率: 0.00 MiB/s, 最高分辨率: 1280x720, 平均帧率: 未知, 视频编解码器: 未知, 音频编解码器: 未知
分类: 📚┃浙江频道, 名称: 浙江经视, 有效: 1, IPv4: 2, IPv6: 0, 最小延迟: 323 ms, 最高速率: 0.30 MiB/s, 平均速率: 0.26 MiB/s, 最高分辨率: 1280x720, 平均帧率: 50.0, 视频编解码器: h264, 音频编解码器: mp2
分类: 📚┃浙江频道, 名称: 浙江留学, 有效: 0, IPv4: 2, IPv6: 0, 最小延迟: 412 ms, 最高速率: 0.28 MiB/s, 平均速率: 0.00 MiB/s, 最高分辨率: 1920x1080, 平均帧率: 未知, 视频编解码器: 未知, 音频编解码器: 未知
分类: 📚┃浙江频道, 名称: 衢州新闻综合, 有效: 0, IPv4: 1, IPv6: 0, 最小延迟: 529 ms, 最高速率: 0.00 MiB/s, 平均速率: 0.00 MiB/s, 最高分辨率: —, 平均帧率: 未知, 视频编解码器: 未知, 音频编解码器: 未知
分类: 📚┃浙江频道, 名称: 温州新闻综合, 有效: 0, IPv4: 1, IPv6: 0, 最小延迟: 515 ms, 最高速率: 0.00 MiB/s, 平均速率: 0.00 MiB/s, 最高分辨率: —, 平均帧率: 未知, 视频编解码器: 未知, 音频编解码器: 未知
分类: 📚┃浙江频道, 名称: 浙江松阳, 有效: 0, IPv4: 1, IPv6: 0, 最小延迟: 424 ms, 最高速率: 0.12 MiB/s, 平均速率: 0.00 MiB/s, 最高分辨率: —, 平均帧率: 未知, 视频编解码器: 未知, 音频编解码器: 未知
分类: 📚┃浙江频道, 名称: 浙江数码时代, 有效: 1, IPv4: 2, IPv6: 0, 最小延迟: 323 ms, 最高速率: 0.30 MiB/s, 平均速率: 0.30 MiB/s, 最高分辨率: 1280x720, 平均帧率: 未知, 视频编解码器: 未知, 音频编解码器: 未知
分类: 📚┃浙江频道, 名称: 嘉兴新闻综合, 有效: 0, IPv4: 1, IPv6: 0, 最小延迟: — ms, 最高速率: 0.00 MiB/s, 平均速率: 0.00 MiB/s, 最高分辨率: —, 平均帧率: 未知, 视频编解码器: 未知, 音频编解码器: 未知
分类: 📚┃浙江频道, 名称: 浙江民生休闲, 有效: 0, IPv4: 2, IPv6: 0, 最小延迟: 283 ms, 最高速率: 0.10 MiB/s, 平均速率: 0.00 MiB/s, 最高分辨率: —, 平均帧率: 未知, 视频编解码器: 未知, 音频编解码器: 未知
分类: 📚┃浙江频道, 名称: 浙江教科影院, 有效: 0, IPv4: 1, IPv6: 0, 最小延迟: 546 ms, 最高速率: 0.13 MiB/s, 平均速率: 0.00 MiB/s, 最高分辨率: 1920x1080, 平均帧率: 未知, 视频编解码器: 未知, 音频编解码器: 未知
分类: 📚┃浙江频道, 名称: 浙江教科影视, 有效: 0, IPv4: 2, IPv6: 0, 最小延迟: 214 ms, 最高速率: 0.35 MiB/s, 平均速率: 0.00 MiB/s, 最高分辨率: 1920x1080, 平均帧率: 25.0, 视频编解码器: h264, 音频编解码器: aac
分类: 📚┃浙江频道, 名称: 浙江龙泉, 有效: 0, IPv4: 1, IPv6: 0, 最小延迟: 395 ms, 最高速率: 0.18 MiB/s, 平均速率: 0.00 MiB/s, 最高分辨率: —, 平均帧率: 未知, 视频编解码器: 未知, 音频编解码器: 未知
分类: 📚┃浙江频道, 名称: 浙江青田, 有效: 0, IPv4: 1, IPv6: 0, 最小延迟: 1341 ms, 最高速率: 0.04 MiB/s, 平均速率: 0.00 MiB/s, 最高分辨率: —, 平均帧率: 未知, 视频编解码器: 未知, 音频编解码器: 未知
分类: 📚┃浙江频道, 名称: 浙江遂昌, 有效: 0, IPv4: 1, IPv6: 0, 最小延迟: 1874 ms, 最高速率: 0.02 MiB/s, 平均速率: 0.00 MiB/s, 最高分辨率: —, 平均帧率: 未知, 视频编解码器: 未知, 音频编解码器: 未知
分类: 📚┃浙江频道, 名称: 浙江公共新闻, 有效: 0, IPv4: 1, IPv6: 0, 最小延迟: 1100 ms, 最高速率: 0.05 MiB/s, 平均速率: 0.00 MiB/s, 最高分辨率: 1920x1080, 平均帧率: 未知, 视频编解码器: 未知, 音频编解码器: 未知
分类: 📚┃浙江频道, 名称: 浙江休闲台, 有效: 0, IPv4: 1, IPv6: 0, 最小延迟: 1211 ms, 最高速率: 0.04 MiB/s, 平均速率: 0.00 MiB/s, 最高分辨率: 1280x720, 平均帧率: 未知, 视频编解码器: 未知, 音频编解码器: 未知
分类: 📚┃浙江频道, 名称: 诸暨新闻综合, 有效: 0, IPv4: 4, IPv6: 0, 最小延迟: 566 ms, 最高速率: 0.16 MiB/s, 平均速率: 0.00 MiB/s, 最高分辨率: —, 平均帧率: 未知, 视频编解码器: 未知, 音频编解码器: 未知
分类: 📚┃浙江频道, 名称: 龙游生活娱乐, 有效: 1, IPv4: 3, IPv6: 0, 最小延迟: 303 ms, 最高速率: 0.38 MiB/s, 平均速率: 0.38 MiB/s, 最高分辨率: 1280x720, 平均帧率: 未知, 视频编解码器: 未知, 音频编解码器: 未知
分类: 📚┃浙江频道, 名称: 鄞州二套, 有效: 0, IPv4: 2, IPv6: 0, 最小延迟: — ms, 最高速率: 0.00 MiB/s, 平均速率: 0.00 MiB/s, 最高分辨率: —, 平均帧率: 未知, 视频编解码器: 未知, 音频编解码器: 未知
分类: 📚┃浙江频道, 名称: 龙游新闻综合, 有效: 0, IPv4: 3, IPv6: 0, 最小延迟: 1312 ms, 最高速率: 0.04 MiB/s, 平均速率: 0.00 MiB/s, 最高分辨率: 1280x720, 平均帧率: 未知, 视频编解码器: 未知, 音频编解码器: 未知
分类: 📚┃浙江频道, 名称: 鄞州一套, 有效: 0, IPv4: 2, IPv6: 0, 最小延迟: — ms, 最高速率: 0.00 MiB/s, 平均速率: 0.00 MiB/s, 最高分辨率: —, 平均帧率: 未知, 视频编解码器: 未知, 音频编解码器: 未知
分类: 📚┃浙江频道, 名称: 象山综合, 有效: 1, IPv4: 3, IPv6: 0, 最小延迟: 8 ms, 最高速率: 36.14 MiB/s, 平均速率: 36.14 MiB/s, 最高分辨率: 1920x1080, 平均帧率: 未知, 视频编解码器: 未知, 音频编解码器: 未知
分类: 📚┃浙江频道, 名称: 龙泉新闻综合, 有效: 0, IPv4: 1, IPv6: 0, 最小延迟: 1899 ms, 最高速率: 0.02 MiB/s, 平均速率: 0.00 MiB/s, 最高分辨率: —, 平均帧率: 未知, 视频编解码器: 未知, 音频编解码器: 未知
分类: 📚┃浙江频道, 名称: 遂昌综合, 有效: 0, IPv4: 1, IPv6: 0, 最小延迟: 817 ms, 最高速率: 0.06 MiB/s, 平均速率: 0.00 MiB/s, 最高分辨率: —, 平均帧率: 未知, 视频编解码器: 未知, 音频编解码器: 未知
分类: 📚┃浙江频道, 名称: 萧山生活, 有效: 1, IPv4: 4, IPv6: 0, 最小延迟: 577 ms, 最高速率: 0.29 MiB/s, 平均速率: 0.29 MiB/s, 最高分辨率: 1280x720, 平均帧率: 未知, 视频编解码器: 未知, 音频编解码器: 未知
分类: 📚┃浙江频道, 名称: 衢江新闻综合, 有效: 0, IPv4: 2, IPv6: 0, 最小延迟: 1875 ms, 最高速率: 0.02 MiB/s, 平均速率: 0.00 MiB/s, 最高分辨率: —, 平均帧率: 未知, 视频编解码器: 未知, 音频编解码器: 未知
分类: 📚┃浙江频道, 名称: 萧山新闻综合, 有效: 1, IPv4: 4, IPv6: 0, 最小延迟: 567 ms, 最高速率: 0.32 MiB/s, 平均速率: 0.32 MiB/s, 最高分辨率: 1280x720, 平均帧率: 未知, 视频编解码器: 未知, 音频编解码器: 未知
分类: 📚┃浙江频道, 名称: 苍南新闻综合, 有效: 0, IPv4: 3, IPv6: 0, 最小延迟: 1198 ms, 最高速率: 0.05 MiB/s, 平均速率: 0.00 MiB/s, 最高分辨率: —, 平均帧率: 未知, 视频编解码器: 未知, 音频编解码器: 未知
分类: 📚┃浙江频道, 名称: 绍兴电视台公共, 有效: 0, IPv4: 1, IPv6: 0, 最小延迟: 469 ms, 最高速率: 0.15 MiB/s, 平均速率: 0.00 MiB/s, 最高分辨率: 1280x720, 平均帧率: 未知, 视频编解码器: 未知, 音频编解码器: 未知
分类: 📚┃浙江频道, 名称: 缙云综合, 有效: 0, IPv4: 2, IPv6: 0, 最小延迟: 279 ms, 最高速率: 0.17 MiB/s, 平均速率: 0.00 MiB/s, 最高分辨率: 1280x720, 平均帧率: 未知, 视频编解码器: 未知, 音频编解码器: 未知
分类: 📚┃浙江频道, 名称: 绍兴新闻综合, 有效: 0, IPv4: 4, IPv6: 0, 最小延迟: 527 ms, 最高速率: 0.13 MiB/s, 平均速率: 0.00 MiB/s, 最高分辨率: —, 平均帧率: 未知, 视频编解码器: 未知, 音频编解码器: 未知
分类: 📚┃浙江频道, 名称: 缙云新闻综合, 有效: 0, IPv4: 1, IPv6: 0, 最小延迟: 1461 ms, 最高速率: 0.04 MiB/s, 平均速率: 0.00 MiB/s, 最高分辨率: 1280x720, 平均帧率: 未知, 视频编解码器: 未知, 音频编解码器: 未知
分类: 📚┃浙江频道, 名称: 湖州公共民生, 有效: 1, IPv4: 1, IPv6: 0, 最小延迟: 254 ms, 最高速率: 0.30 MiB/s, 平均速率: 0.30 MiB/s, 最高分辨率: 1280x720, 平均帧率: 未知, 视频编解码器: 未知, 音频编解码器: 未知
分类: 📚┃浙江频道, 名称: 绍兴文化影院, 有效: 0, IPv4: 1, IPv6: 0, 最小延迟: — ms, 最高速率: 0.00 MiB/s, 平均速率: 0.00 MiB/s, 最高分辨率: —, 平均帧率: 未知, 视频编解码器: 未知, 音频编解码器: 未知
分类: 📚┃浙江频道, 名称: 绍兴文化影视, 有效: 0, IPv4: 1, IPv6: 0, 最小延迟: 1087 ms, 最高速率: 0.07 MiB/s, 平均速率: 0.00 MiB/s, 最高分辨率: —, 平均帧率: 未知, 视频编解码器: 未知, 音频编解码器: 未知
分类: 📚┃浙江频道, 名称: 绍兴公共, 有效: 0, IPv4: 3, IPv6: 0, 最小延迟: 1639 ms, 最高速率: 0.02 MiB/s, 平均速率: 0.00 MiB/s, 最高分辨率: —, 平均帧率: 未知, 视频编解码器: 未知, 音频编解码器: 未知
分类: 📚┃浙江频道, 名称: 洞头综合, 有效: 0, IPv4: 2, IPv6: 0, 最小延迟: 262 ms, 最高速率: 0.24 MiB/s, 平均速率: 0.00 MiB/s, 最高分辨率: 720x540, 平均帧率: 25.0, 视频编解码器: h264, 音频编解码器: aac
分类: 📚┃浙江频道, 名称: 永嘉新闻综合, 有效: 0, IPv4: 2, IPv6: 0, 最小延迟: 896 ms, 最高速率: 0.06 MiB/s, 平均速率: 0.00 MiB/s, 最高分辨率: —, 平均帧率: 未知, 视频编解码器: 未知, 音频编解码器: 未知
分类: 📚┃浙江频道, 名称: 海宁新闻综合, 有效: 1, IPv4: 1, IPv6: 0, 最小延迟: 978 ms, 最高速率: 0.43 MiB/s, 平均速率: 0.43 MiB/s, 最高分辨率: 1280x720, 平均帧率: 未知, 视频编解码器: 未知, 音频编解码器: 未知
分类: 📚┃浙江频道, 名称: 普陀电视台, 有效: 1, IPv4: 2, IPv6: 0, 最小延迟: 575 ms, 最高速率: 0.29 MiB/s, 平均速率: 0.29 MiB/s, 最高分辨率: 1280x720, 平均帧率: 未知, 视频编解码器: 未知, 音频编解码器: 未知
分类: 📚┃浙江频道, 名称: 武义新闻综合, 有效: 0, IPv4: 3, IPv6: 0, 最小延迟: 1457 ms, 最高速率: 0.07 MiB/s, 平均速率: 0.00 MiB/s, 最高分辨率: —, 平均帧率: 未知, 视频编解码器: 未知, 音频编解码器: 未知
分类: 📚┃浙江频道, 名称: 松阳综合, 有效: 0, IPv4: 1, IPv6: 0, 最小延迟: 1916 ms, 最高速率: 0.02 MiB/s, 平均速率: 0.00 MiB/s, 最高分辨率: —, 平均帧率: 未知, 视频编解码器: 未知, 音频编解码器: 未知
分类: 📚┃浙江频道, 名称: 德清文化生活, 有效: 0, IPv4: 1, IPv6: 0, 最小延迟: — ms, 最高速率: 0.00 MiB/s, 平均速率: 0.00 MiB/s, 最高分辨率: —, 平均帧率: 未知, 视频编解码器: 未知, 音频编解码器: 未知
分类: 📚┃浙江频道, 名称: 普陀新闻综合, 有效: 0, IPv4: 1, IPv6: 0, 最小延迟: 780 ms, 最高速率: 0.06 MiB/s, 平均速率: 0.00 MiB/s, 最高分辨率: —, 平均帧率: 未知, 视频编解码器: 未知, 音频编解码器: 未知
分类: 📚┃浙江频道, 名称: 新昌生活, 有效: 0, IPv4: 1, IPv6: 0, 最小延迟: 1509 ms, 最高速率: 0.04 MiB/s, 平均速率: 0.00 MiB/s, 最高分辨率: —, 平均帧率: 未知, 视频编解码器: 未知, 音频编解码器: 未知
分类: 📚┃浙江频道, 名称: 文成综合, 有效: 0, IPv4: 3, IPv6: 0, 最小延迟: 1638 ms, 最高速率: 0.03 MiB/s, 平均速率: 0.00 MiB/s, 最高分辨率: —, 平均帧率: 未知, 视频编解码器: 未知, 音频编解码器: 未知
分类: 📚┃浙江频道, 名称: 开化新闻综合, 有效: 0, IPv4: 2, IPv6: 0, 最小延迟: 1545 ms, 最高速率: 0.03 MiB/s, 平均速率: 0.00 MiB/s, 最高分辨率: —, 平均帧率: 未知, 视频编解码器: 未知, 音频编解码器: 未知
分类: 📚┃浙江频道, 名称: 新昌新闻综合, 有效: 0, IPv4: 1, IPv6: 0, 最小延迟: — ms, 最高速率: 0.00 MiB/s, 平均速率: 0.00 MiB/s, 最高分辨率: —, 平均帧率: 未知, 视频编解码器: 未知, 音频编解码器: 未知
分类: 📚┃浙江频道, 名称: 开化国家公园, 有效: 0, IPv4: 4, IPv6: 0, 最小延迟: 1484 ms, 最高速率: 0.04 MiB/s, 平均速率: 0.00 MiB/s, 最高分辨率: —, 平均帧率: 未知, 视频编解码器: 未知, 音频编解码器: 未知
分类: 📚┃浙江频道, 名称: 庆元综合, 有效: 0, IPv4: 3, IPv6: 0, 最小延迟: 1670 ms, 最高速率: 0.03 MiB/s, 平均速率: 0.00 MiB/s, 最高分辨率: —, 平均帧率: 未知, 视频编解码器: 未知, 音频编解码器: 未知
分类: 📚┃浙江频道, 名称: 庆元新闻综合, 有效: 0, IPv4: 1, IPv6: 0, 最小延迟: 1925 ms, 最高速率: 0.02 MiB/s, 平均速率: 0.00 MiB/s, 最高分辨率: —, 平均帧率: 未知, 视频编解码器: 未知, 音频编解码器: 未知
分类: 📚┃浙江频道, 名称: 平湖民生休闲, 有效: 0, IPv4: 3, IPv6: 0, 最小延迟: 1670 ms, 最高速率: 0.03 MiB/s, 平均速率: 0.00 MiB/s, 最高分辨率: —, 平均帧率: 未知, 视频编解码器: 未知, 音频编解码器: 未知
分类: 📚┃浙江频道, 名称: 平湖新闻综合, 有效: 0, IPv4: 3, IPv6: 0, 最小延迟: 1593 ms, 最高速率: 0.03 MiB/s, 平均速率: 0.00 MiB/s, 最高分辨率: —, 平均帧率: 未知, 视频编解码器: 未知, 音频编解码器: 未知
分类: 📚┃浙江频道, 名称: 嵊州新闻综合, 有效: 1, IPv4: 2, IPv6: 0, 最小延迟: 582 ms, 最高速率: 0.31 MiB/s, 平均速率: 0.31 MiB/s, 最高分辨率: 1280x720, 平均帧率: 未知, 视频编解码器: 未知, 音频编解码器: 未知
分类: 📚┃浙江频道, 名称: 嵊泗综合, 有效: 0, IPv4: 2, IPv6: 0, 最小延迟: 1301 ms, 最高速率: 0.04 MiB/s, 平均速率: 0.00 MiB/s, 最高分辨率: —, 平均帧率: 未知, 视频编解码器: 未知, 音频编解码器: 未知
分类: 📚┃浙江频道, 名称: 兰溪新闻综合, 有效: 0, IPv4: 3, IPv6: 0, 最小延迟: 1332 ms, 最高速率: 0.04 MiB/s, 平均速率: 0.00 MiB/s, 最高分辨率: —, 平均帧率: 未知, 视频编解码器: 未知, 音频编解码器: 未知
分类: 📚┃浙江频道, 名称: 余杭综合, 有效: 0, IPv4: 2, IPv6: 0, 最小延迟: 1648 ms, 最高速率: 0.03 MiB/s, 平均速率: 0.00 MiB/s, 最高分辨率: —, 平均帧率: 未知, 视频编解码器: 未知, 音频编解码器: 未知
分类: 📚┃浙江频道, 名称: 余杭未来E, 有效: 0, IPv4: 2, IPv6: 0, 最小延迟: 1773 ms, 最高速率: 0.02 MiB/s, 平均速率: 0.00 MiB/s, 最高分辨率: —, 平均帧率: 未知, 视频编解码器: 未知, 音频编解码器: 未知
分类: 📚┃浙江频道, 名称: 余姚综合, 有效: 0, IPv4: 4, IPv6: 0, 最小延迟: 837 ms, 最高速率: 0.06 MiB/s, 平均速率: 0.00 MiB/s, 最高分辨率: —, 平均帧率: 未知, 视频编解码器: 未知, 音频编解码器: 未知
分类: 📚┃浙江频道, 名称: 余姚新闻综合, 有效: 0, IPv4: 2, IPv6: 0, 最小延迟: 1788 ms, 最高速率: 0.02 MiB/s, 平均速率: 0.00 MiB/s, 最高分辨率: —, 平均帧率: 未知, 视频编解码器: 未知, 音频编解码器: 未知
分类: 📚┃浙江频道, 名称: 余姚姚江文化, 有效: 0, IPv4: 4, IPv6: 0, 最小延迟: 546 ms, 最高速率: 0.30 MiB/s, 平均速率: 0.00 MiB/s, 最高分辨率: 1920x1080, 平均帧率: 未知, 视频编解码器: 未知, 音频编解码器: 未知
分类: 📚┃浙江频道, 名称: 中国蓝新闻, 有效: 0, IPv4: 3, IPv6: 0, 最小延迟: 258 ms, 最高速率: 0.33 MiB/s, 平均速率: 0.00 MiB/s, 最高分辨率: 1920x1080, 平均帧率: 25.0, 视频编解码器: h264, 音频编解码器: aac
分类: 📚┃浙江频道, 名称: 云和新闻综合, 有效: 0, IPv4: 2, IPv6: 0, 最小延迟: 1533 ms, 最高速率: 0.03 MiB/s, 平均速率: 0.00 MiB/s, 最高分辨率: —, 平均帧率: 未知, 视频编解码器: 未知, 音频编解码器: 未知
分类: 📚┃浙江频道, 名称: 东阳影视生活, 有效: 0, IPv4: 1, IPv6: 0, 最小延迟: 1044 ms, 最高速率: 0.05 MiB/s, 平均速率: 0.00 MiB/s, 最高分辨率: —, 平均帧率: 未知, 视频编解码器: 未知, 音频编解码器: 未知
分类: 📚┃浙江频道, 名称: 上虞新闻综合, 有效: 0, IPv4: 2, IPv6: 0, 最小延迟: 589 ms, 最高速率: 0.10 MiB/s, 平均速率: 0.00 MiB/s, 最高分辨率: —, 平均帧率: 未知, 视频编解码器: 未知, 音频编解码器: 未知
分类: 📚┃浙江频道, 名称: 上虞新商都, 有效: 0, IPv4: 4, IPv6: 0, 最小延迟: 563 ms, 最高速率: 0.13 MiB/s, 平均速率: 0.00 MiB/s, 最高分辨率: —, 平均帧率: 未知, 视频编解码器: 未知, 音频编解码器: 未知
分类: 📚┃浙江频道, 名称: 义乌新闻综合, 有效: 0, IPv4: 1, IPv6: 0, 最小延迟: — ms, 最高速率: 0.00 MiB/s, 平均速率: 0.00 MiB/s, 最高分辨率: —, 平均帧率: 未知, 视频编解码器: 未知, 音频编解码器: 未知
分类: 📚┃浙江频道, 名称: 上虞文化影院, 有效: 0, IPv4: 2, IPv6: 0, 最小延迟: 1862 ms, 最高速率: 0.02 MiB/s, 平均速率: 0.00 MiB/s, 最高分辨率: —, 平均帧率: 未知, 视频编解码器: 未知, 音频编解码器: 未知
分类: 📚┃北京频道, 名称: 北京卡酷少儿, 有效: 7, IPv4: 8, IPv6: 0, 最小延迟: 53 ms, 最高速率: 34.60 MiB/s, 平均速率: 17.56 MiB/s, 最高分辨率: 1920x1080, 平均帧率: 未知, 视频编解码器: 未知, 音频编解码器: 未知
分类: 📚┃北京频道, 名称: 北京新闻, 有效: 0, IPv4: 6, IPv6: 0, 最小延迟: 431 ms, 最高速率: 0.24 MiB/s, 平均速率: 0.00 MiB/s, 最高分辨率: 1920x1080, 平均帧率: 未知, 视频编解码器: 未知, 音频编解码器: 未知
分类: 📚┃北京频道, 名称: 北京生活, 有效: 0, IPv4: 10, IPv6: 0, 最小延迟: 379 ms, 最高速率: 0.21 MiB/s, 平均速率: 0.00 MiB/s, 最高分辨率: 1920x1080, 平均帧率: 25.0, 视频编解码器: h264, 音频编解码器: aac
分类: 📚┃北京频道, 名称: 北京财经, 有效: 0, IPv4: 10, IPv6: 0, 最小延迟: 376 ms, 最高速率: 0.33 MiB/s, 平均速率: 0.00 MiB/s, 最高分辨率: 1920x1080, 平均帧率: 未知, 视频编解码器: 未知, 音频编解码器: 未知
分类: 📚┃北京频道, 名称: 北京青年, 有效: 0, IPv4: 2, IPv6: 0, 最小延迟: — ms, 最高速率: 0.00 MiB/s, 平均速率: 0.00 MiB/s, 最高分辨率: —, 平均帧率: 未知, 视频编解码器: 未知, 音频编解码器: 未知
分类: 📚┃上海频道, 名称: 七彩戏剧, 有效: 0, IPv4: 2, IPv6: 0, 最小延迟: — ms, 最高速率: 0.00 MiB/s, 平均速率: 0.00 MiB/s, 最高分辨率: —, 平均帧率: 未知, 视频编解码器: 未知, 音频编解码器: 未知
分类: 📚┃上海频道, 名称: 上海教育, 有效: 4, IPv4: 9, IPv6: 0, 最小延迟: 69 ms, 最高速率: 32.66 MiB/s, 平均速率: 28.14 MiB/s, 最高分辨率: 1920x1080, 平均帧率: 25.0, 视频编解码器: h264, 音频编解码器: mp2
分类: 📚┃上海频道, 名称: 上海外语, 有效: 0, IPv4: 2, IPv6: 0, 最小延迟: — ms, 最高速率: 0.00 MiB/s, 平均速率: 0.00 MiB/s, 最高分辨率: —, 平均帧率: 未知, 视频编解码器: 未知, 音频编解码器: 未知
分类: 📚┃上海频道, 名称: 上海新闻综合, 有效: 4, IPv4: 16, IPv6: 0, 最小延迟: 68 ms, 最高速率: 32.74 MiB/s, 平均速率: 29.36 MiB/s, 最高分辨率: 1920x1080, 平均帧率: 未知, 视频编解码器: 未知, 音频编解码器: 未知
分类: 📚┃上海频道, 名称: 上海第一财经, 有效: 1, IPv4: 14, IPv6: 0, 最小延迟: 7 ms, 最高速率: 6.58 MiB/s, 平均速率: 6.58 MiB/s, 最高分辨率: 854x480, 平均帧率: 25.0, 视频编解码器: h264, 音频编解码器: aac
分类: 📚┃上海频道, 名称: 上海都市, 有效: 4, IPv4: 10, IPv6: 0, 最小延迟: 64 ms, 最高速率: 32.74 MiB/s, 平均速率: 31.65 MiB/s, 最高分辨率: 1920x1080, 平均帧率: 25.0, 视频编解码器: h264, 音频编解码器: mp2
分类: 📚┃上海频道, 名称: 东方影视, 有效: 4, IPv4: 16, IPv6: 0, 最小延迟: 70 ms, 最高速率: 34.16 MiB/s, 平均速率: 27.87 MiB/s, 最高分辨率: 1920x1080, 平均帧率: 25.0, 视频编解码器: h264, 音频编解码器: mp2
分类: 📚┃上海频道, 名称: 东方财经, 有效: 2, IPv4: 11, IPv6: 0, 最小延迟: 64 ms, 最高速率: 33.46 MiB/s, 平均速率: 30.14 MiB/s, 最高分辨率: 1920x1080, 平均帧率: 25.0, 视频编解码器: h264, 音频编解码器: mp2
分类: 📚┃上海频道, 名称: 动漫秀场, 有效: 5, IPv4: 12, IPv6: 0, 最小延迟: 54 ms, 最高速率: 31.73 MiB/s, 平均速率: 21.58 MiB/s, 最高分辨率: 1920x1080, 平均帧率: 25.0, 视频编解码器: h264, 音频编解码器: aac
分类: 📚┃上海频道, 名称: 哈哈炫动, 有效: 7, IPv4: 8, IPv6: 0, 最小延迟: 54 ms, 最高速率: 35.27 MiB/s, 平均速率: 20.26 MiB/s, 最高分辨率: 1920x1080, 平均帧率: 未知, 视频编解码器: 未知, 音频编解码器: 未知
分类: 📚┃上海频道, 名称: 新闻综合, 有效: 1, IPv4: 20, IPv6: 0, 最小延迟: 459 ms, 最高速率: 0.51 MiB/s, 平均速率: 0.51 MiB/s, 最高分辨率: 1920x1080, 平均帧率: 25.0, 视频编解码器: h264, 音频编解码器: mp2
分类: 📚┃上海频道, 名称: 全纪实, 有效: 0, IPv4: 1, IPv6: 0, 最小延迟: — ms, 最高速率: 0.00 MiB/s, 平均速率: 0.00 MiB/s, 最高分辨率: —, 平均帧率: 未知, 视频编解码器: 未知, 音频编解码器: 未知
分类: 📚┃上海频道, 名称: 欢笑剧场, 有效: 2, IPv4: 15, IPv6: 0, 最小延迟: 53 ms, 最高速率: 4.51 MiB/s, 平均速率: 3.18 MiB/s, 最高分辨率: 1280x720, 平均帧率: 未知, 视频编解码器: 未知, 音频编解码器: 未知
分类: 📚┃上海频道, 名称: 法治天地, 有效: 5, IPv4: 21, IPv6: 0, 最小延迟: 54 ms, 最高速率: 37.90 MiB/s, 平均速率: 30.29 MiB/s, 最高分辨率: 1920x1080, 平均帧率: 25.0, 视频编解码器: h264, 音频编解码器: mp2
分类: 📚┃上海频道, 名称: 生活时尚, 有效: 4, IPv4: 16, IPv6: 0, 最小延迟: 57 ms, 最高速率: 37.91 MiB/s, 平均速率: 34.44 MiB/s, 最高分辨率: 1920x1080, 平均帧率: 25.0, 视频编解码器: h264, 音频编解码器: mp2
分类: 📚┃上海频道, 名称: 第一财经, 有效: 5, IPv4: 14, IPv6: 0, 最小延迟: 7 ms, 最高速率: 30.57 MiB/s, 平均速率: 22.64 MiB/s, 最高分辨率: 1920x1080, 平均帧率: 25.0, 视频编解码器: h264, 音频编解码器: mp2
分类: 📚┃上海频道, 名称: 都市剧场, 有效: 6, IPv4: 16, IPv6: 0, 最小延迟: 7 ms, 最高速率: 34.77 MiB/s, 平均速率: 15.81 MiB/s, 最高分辨率: 1920x1080, 平均帧率: 25.0, 视频编解码器: h264, 音频编解码器: aac
分类: 📚┃重庆频道, 名称: 万源新闻综合, 有效: 0, IPv4: 2, IPv6: 0, 最小延迟: — ms, 最高速率: 0.00 MiB/s, 平均速率: 0.00 MiB/s, 最高分辨率: —, 平均帧率: 未知, 视频编解码器: 未知, 音频编解码器: 未知
分类: 📚┃重庆频道, 名称: 铜梁综合, 有效: 0, IPv4: 3, IPv6: 0, 最小延迟: 559 ms, 最高速率: 0.13 MiB/s, 平均速率: 0.00 MiB/s, 最高分辨率: —, 平均帧率: 未知, 视频编解码器: 未知, 音频编解码器: 未知
分类: 📚┃重庆频道, 名称: 重庆汽摩, 有效: 1, IPv4: 4, IPv6: 0, 最小延迟: 54 ms, 最高速率: 5.52 MiB/s, 平均速率: 5.52 MiB/s, 最高分辨率: 1920x1080, 平均帧率: 25.0, 视频编解码器: h264, 音频编解码器: aac
分类: 📚┃重庆频道, 名称: 璧山综合, 有效: 0, IPv4: 2, IPv6: 0, 最小延迟: 623 ms, 最高速率: 0.08 MiB/s, 平均速率: 0.00 MiB/s, 最高分辨率: —, 平均帧率: 未知, 视频编解码器: 未知, 音频编解码器: 未知
分类: 📚┃重庆频道, 名称: 荣昌综合, 有效: 0, IPv4: 2, IPv6: 0, 最小延迟: 782 ms, 最高速率: 0.09 MiB/s, 平均速率: 0.00 MiB/s, 最高分辨率: —, 平均帧率: 未知, 视频编解码器: 未知, 音频编解码器: 未知
分类: 📚┃重庆频道, 名称: 潼南综合, 有效: 0, IPv4: 1, IPv6: 0, 最小延迟: 565 ms, 最高速率: 0.19 MiB/s, 平均速率: 0.00 MiB/s, 最高分辨率: —, 平均帧率: 未知, 视频编解码器: 未知, 音频编解码器: 未知
分类: 📚┃重庆频道, 名称: 江津新闻综合, 有效: 0, IPv4: 1, IPv6: 0, 最小延迟: 1023 ms, 最高速率: 0.02 MiB/s, 平均速率: 0.00 MiB/s, 最高分辨率: —, 平均帧率: 未知, 视频编解码器: 未知, 音频编解码器: 未知
分类: 📚┃重庆频道, 名称: 涪陵电视台, 有效: 0, IPv4: 1, IPv6: 0, 最小延迟: 574 ms, 最高速率: 0.15 MiB/s, 平均速率: 0.00 MiB/s, 最高分辨率: —, 平均帧率: 未知, 视频编解码器: 未知, 音频编解码器: 未知
分类: 📚┃重庆频道, 名称: 万州综合, 有效: 0, IPv4: 4, IPv6: 0, 最小延迟: — ms, 最高速率: 0.00 MiB/s, 平均速率: 0.00 MiB/s, 最高分辨率: —, 平均帧率: 未知, 视频编解码器: 未知, 音频编解码器: 未知
分类: 📚┃重庆频道, 名称: 万州三峡移民, 有效: 0, IPv4: 3, IPv6: 0, 最小延迟: 269 ms, 最高速率: 0.28 MiB/s, 平均速率: 0.00 MiB/s, 最高分辨率: 1920x1080, 平均帧率: 未知, 视频编解码器: 未知, 音频编解码器: 未知
分类: 📚┃重庆频道, 名称: 武隆综合, 有效: 0, IPv4: 1, IPv6: 0, 最小延迟: — ms, 最高速率: 0.00 MiB/s, 平均速率: 0.00 MiB/s, 最高分辨率: —, 平均帧率: 未知, 视频编解码器: 未知, 音频编解码器: 未知
分类: 📚┃重庆频道, 名称: 重庆新闻, 有效: 1, IPv4: 5, IPv6: 0, 最小延迟: 56 ms, 最高速率: 0.38 MiB/s, 平均速率: 0.38 MiB/s, 最高分辨率: 1280x720, 平均帧率: 50.0, 视频编解码器: h264, 音频编解码器: mp2
分类: 📚┃重庆频道, 名称: 重庆时尚购物, 有效: 0, IPv4: 1, IPv6: 0, 最小延迟: — ms, 最高速率: 0.00 MiB/s, 平均速率: 0.00 MiB/s, 最高分辨率: —, 平均帧率: 未知, 视频编解码器: 未知, 音频编解码器: 未知
分类: 📚┃重庆频道, 名称: 垫江综合, 有效: 0, IPv4: 1, IPv6: 0, 最小延迟: — ms, 最高速率: 0.00 MiB/s, 平均速率: 0.00 MiB/s, 最高分辨率: —, 平均帧率: 未知, 视频编解码器: 未知, 音频编解码器: 未知
分类: 🎬┃电影频道, 名称: CHC家庭影院, 有效: 5, IPv4: 15, IPv6: 0, 最小延迟: 35 ms, 最高速率: 32.39 MiB/s, 平均速率: 20.88 MiB/s, 最高分辨率: 1920x1080, 平均帧率: 25.0, 视频编解码器: h264, 音频编解码器: mp2
分类: 🎬┃电影频道, 名称: CHC动作电影, 有效: 5, IPv4: 9, IPv6: 0, 最小延迟: 36 ms, 最高速率: 31.35 MiB/s, 平均速率: 20.31 MiB/s, 最高分辨率: 1920x1080, 平均帧率: 未知, 视频编解码器: 未知, 音频编解码器: 未知
分类: 🎬┃电影频道, 名称: 动作电影, 有效: 4, IPv4: 16, IPv6: 0, 最小延迟: 70 ms, 最高速率: 32.26 MiB/s, 平均速率: 17.20 MiB/s, 最高分辨率: 1920x1080, 平均帧率: 未知, 视频编解码器: 未知, 音频编解码器: 未知
分类: 🎬┃电影频道, 名称: CHC高清电影, 有效: 0, IPv4: 6, IPv6: 0, 最小延迟: 382 ms, 最高速率: 0.14 MiB/s, 平均速率: 0.00 MiB/s, 最高分辨率: —, 平均帧率: 未知, 视频编解码器: 未知, 音频编解码器: 未知
分类: 🎬┃电影频道, 名称: 淘剧场, 有效: 0, IPv4: 3, IPv6: 0, 最小延迟: 512 ms, 最高速率: 0.14 MiB/s, 平均速率: 0.00 MiB/s, 最高分辨率: —, 平均帧率: 未知, 视频编解码器: 未知, 音频编解码器: 未知
分类: 🎬┃电影频道, 名称: 淘娱乐, 有效: 0, IPv4: 3, IPv6: 0, 最小延迟: 1029 ms, 最高速率: 0.08 MiB/s, 平均速率: 0.00 MiB/s, 最高分辨率: —, 平均帧率: 未知, 视频编解码器: 未知, 音频编解码器: 未知
分类: 🎬┃电影频道, 名称: NewTV惊悚悬疑, 有效: 2, IPv4: 11, IPv6: 0, 最小延迟: 62 ms, 最高速率: 35.10 MiB/s, 平均速率: 33.35 MiB/s, 最高分辨率: 1920x1080, 平均帧率: 未知, 视频编解码器: 未知, 音频编解码器: 未知
分类: 🎬┃电影频道, 名称: 淘电影, 有效: 0, IPv4: 1, IPv6: 0, 最小延迟: 507 ms, 最高速率: 0.00 MiB/s, 平均速率: 0.00 MiB/s, 最高分辨率: —, 平均帧率: 未知, 视频编解码器: 未知, 音频编解码器: 未知
分类: 🎬┃电影频道, 名称: NewTV动作电影, 有效: 0, IPv4: 3, IPv6: 0, 最小延迟: — ms, 最高速率: 0.00 MiB/s, 平均速率: 0.00 MiB/s, 最高分辨率: —, 平均帧率: 未知, 视频编解码器: 未知, 音频编解码器: 未知
分类: 🎬┃电影频道, 名称: 黑莓电影, 有效: 2, IPv4: 12, IPv6: 0, 最小延迟: 58 ms, 最高速率: 36.06 MiB/s, 平均速率: 33.80 MiB/s, 最高分辨率: 1920x1080, 平均帧率: 未知, 视频编解码器: 未知, 音频编解码器: 未知
分类: 🎬┃电影频道, 名称: 纬来电影, 有效: 1, IPv4: 15, IPv6: 0, 最小延迟: 33 ms, 最高速率: 12.60 MiB/s, 平均速率: 12.60 MiB/s, 最高分辨率: 1920x1080, 平均帧率: 未知, 视频编解码器: 未知, 音频编解码器: 未知
分类: 🎬┃电影频道, 名称: 靖天映画, 有效: 1, IPv4: 9, IPv6: 0, 最小延迟: 33 ms, 最高速率: 12.93 MiB/s, 平均速率: 12.93 MiB/s, 最高分辨率: 1920x1080, 平均帧率: 未知, 视频编解码器: 未知, 音频编解码器: 未知
分类: 🎬┃电影频道, 名称: 靖天戏剧, 有效: 0, IPv4: 7, IPv6: 0, 最小延迟: — ms, 最高速率: 0.00 MiB/s, 平均速率: 0.00 MiB/s, 最高分辨率: —, 平均帧率: 未知, 视频编解码器: 未知, 音频编解码器: 未知
分类: 🎬┃电影频道, 名称: 经典电影, 有效: 1, IPv4: 23, IPv6: 0, 最小延迟: 122 ms, 最高速率: 2.56 MiB/s, 平均速率: 2.56 MiB/s, 最高分辨率: 1280x720, 平均帧率: 25.0, 视频编解码器: h264, 音频编解码器: mp2
分类: 🎬┃电影频道, 名称: 艾尔达娱乐, 有效: 0, IPv4: 2, IPv6: 0, 最小延迟: 408 ms, 最高速率: 0.02 MiB/s, 平均速率: 0.00 MiB/s, 最高分辨率: —, 平均帧率: 未知, 视频编解码器: 未知, 音频编解码器: 未知
分类: 🎬┃电影频道, 名称: 天映经典, 有效: 3, IPv4: 18, IPv6: 0, 最小延迟: 39 ms, 最高速率: 12.14 MiB/s, 平均速率: 6.05 MiB/s, 最高分辨率: 1920x1080, 平均帧率: 30.0, 视频编解码器: h264, 音频编解码器: aac
分类: 🎬┃电影频道, 名称: 星空卫视, 有效: 0, IPv4: 11, IPv6: 0, 最小延迟: 394 ms, 最高速率: 0.12 MiB/s, 平均速率: 0.00 MiB/s, 最高分辨率: —, 平均帧率: 未知, 视频编解码器: 未知, 音频编解码器: 未知
分类: 🎬┃电影频道, 名称: IPTV经典电影, 有效: 0, IPv4: 2, IPv6: 0, 最小延迟: — ms, 最高速率: 0.00 MiB/s, 平均速率: 0.00 MiB/s, 最高分辨率: —, 平均帧率: 未知, 视频编解码器: 未知, 音频编解码器: 未知
分类: 🎬┃电影频道, 名称: 私人影院, 有效: 0, IPv4: 1, IPv6: 0, 最小延迟: — ms, 最高速率: 0.00 MiB/s, 平均速率: 0.00 MiB/s, 最高分辨率: —, 平均帧率: 未知, 视频编解码器: 未知, 音频编解码器: 未知
分类: 🎬┃电影频道, 名称: 龙祥电影, 有效: 1, IPv4: 5, IPv6: 0, 最小延迟: 390 ms, 最高速率: 0.45 MiB/s, 平均速率: 0.45 MiB/s, 最高分辨率: 1280x720, 平均帧率: 未知, 视频编解码器: 未知, 音频编解码器: 未知
分类: 🎬┃电影频道, 名称: 东森洋片, 有效: 1, IPv4: 15, IPv6: 0, 最小延迟: 34 ms, 最高速率: 11.94 MiB/s, 平均速率: 11.94 MiB/s, 最高分辨率: 1920x1080, 平均帧率: 未知, 视频编解码器: 未知, 音频编解码器: 未知
分类: 💰┃付费频道, 名称: 文化精品, 有效: 8, IPv4: 14, IPv6: 0, 最小延迟: 36 ms, 最高速率: 32.38 MiB/s, 平均速率: 12.38 MiB/s, 最高分辨率: 1920x1080, 平均帧率: 26.67, 视频编解码器: h264, 音频编解码器: aac
分类: 💰┃付费频道, 名称: 央视台球, 有效: 5, IPv4: 13, IPv6: 0, 最小延迟: 36 ms, 最高速率: 32.05 MiB/s, 平均速率: 15.54 MiB/s, 最高分辨率: 1920x1080, 平均帧率: 25.0, 视频编解码器: h264, 音频编解码器: mp2
分类: 💰┃付费频道, 名称: 风云音乐, 有效: 6, IPv4: 10, IPv6: 0, 最小延迟: 38 ms, 最高速率: 33.15 MiB/s, 平均速率: 13.05 MiB/s, 最高分辨率: 1920x1080, 平均帧率: 未知, 视频编解码器: h264, 音频编解码器: mp2
分类: 💰┃付费频道, 名称: 第一剧场, 有效: 6, IPv4: 10, IPv6: 0, 最小延迟: 36 ms, 最高速率: 34.85 MiB/s, 平均速率: 15.02 MiB/s, 最高分辨率: 1920x1080, 平均帧率: 未知, 视频编解码器: 未知, 音频编解码器: 未知
分类: 💰┃付费频道, 名称: 风云剧场, 有效: 8, IPv4: 12, IPv6: 0, 最小延迟: 36 ms, 最高速率: 33.24 MiB/s, 平均速率: 19.83 MiB/s, 最高分辨率: 1920x1080, 平均帧率: 25.0, 视频编解码器: h264, 音频编解码器: mp2
分类: 💰┃付费频道, 名称: 怀旧剧场, 有效: 7, IPv4: 9, IPv6: 0, 最小延迟: 36 ms, 最高速率: 36.04 MiB/s, 平均速率: 16.52 MiB/s, 最高分辨率: 1920x1080, 平均帧率: 未知, 视频编解码器: 未知, 音频编解码器: 未知
分类: 💰┃付费频道, 名称: 女性时尚, 有效: 6, IPv4: 14, IPv6: 0, 最小延迟: 46 ms, 最高速率: 30.39 MiB/s, 平均速率: 15.62 MiB/s, 最高分辨率: 1920x1080, 平均帧率: 25.0, 视频编解码器: h264, 音频编解码器: mp2
分类: 💰┃付费频道, 名称: 高尔夫网球, 有效: 5, IPv4: 9, IPv6: 0, 最小延迟: 36 ms, 最高速率: 8.84 MiB/s, 平均速率: 6.08 MiB/s, 最高分辨率: 1920x1080, 平均帧率: 未知, 视频编解码器: h264, 音频编解码器: mp2
分类: 💰┃付费频道, 名称: 风云足球, 有效: 6, IPv4: 8, IPv6: 0, 最小延迟: 36 ms, 最高速率: 38.13 MiB/s, 平均速率: 16.58 MiB/s, 最高分辨率: 1920x1080, 平均帧率: 未知, 视频编解码器: 未知, 音频编解码器: 未知
分类: 💰┃付费频道, 名称: 电视指南, 有效: 4, IPv4: 13, IPv6: 0, 最小延迟: 36 ms, 最高速率: 8.21 MiB/s, 平均速率: 6.11 MiB/s, 最高分辨率: 1920x1080, 平均帧率: 42.5, 视频编解码器: h264, 音频编解码器: aac
分类: 💰┃付费频道, 名称: 世界地理, 有效: 6, IPv4: 8, IPv6: 0, 最小延迟: 36 ms, 最高速率: 37.16 MiB/s, 平均速率: 18.55 MiB/s, 最高分辨率: 1920x1080, 平均帧率: 未知, 视频编解码器: 未知, 音频编解码器: 未知
分类: 💰┃付费频道, 名称: 兵器科技, 有效: 6, IPv4: 8, IPv6: 0, 最小延迟: 37 ms, 最高速率: 36.81 MiB/s, 平均速率: 14.68 MiB/s, 最高分辨率: 1920x1080, 平均帧率: 未知, 视频编解码器: 未知, 音频编解码器: 未知
分类: 🎥┃咪咕直播, 名称: 咪咕直播2, 有效: 0, IPv4: 2, IPv6: 0, 最小延迟: — ms, 最高速率: 0.00 MiB/s, 平均速率: 0.00 MiB/s, 最高分辨率: —, 平均帧率: 未知, 视频编解码器: 未知, 音频编解码器: 未知
分类: 🎥┃咪咕直播, 名称: 咪咕直播4, 有效: 0, IPv4: 2, IPv6: 0, 最小延迟: — ms, 最高速率: 0.00 MiB/s, 平均速率: 0.00 MiB/s, 最高分辨率: —, 平均帧率: 未知, 视频编解码器: 未知, 音频编解码器: 未知
分类: 🎥┃咪咕直播, 名称: 咪咕直播3, 有效: 0, IPv4: 2, IPv6: 0, 最小延迟: — ms, 最高速率: 0.00 MiB/s, 平均速率: 0.00 MiB/s, 最高分辨率: —, 平均帧率: 未知, 视频编解码器: 未知, 音频编解码器: 未知
分类: 🎥┃咪咕直播, 名称: 咪咕直播5, 有效: 0, IPv4: 2, IPv6: 0, 最小延迟: — ms, 最高速率: 0.00 MiB/s, 平均速率: 0.00 MiB/s, 最高分辨率: —, 平均帧率: 未知, 视频编解码器: 未知, 音频编解码器: 未知
分类: 🎥┃咪咕直播, 名称: 咪咕直播6, 有效: 0, IPv4: 2, IPv6: 0, 最小延迟: — ms, 最高速率: 0.00 MiB/s, 平均速率: 0.00 MiB/s, 最高分辨率: —, 平均帧率: 未知, 视频编解码器: 未知, 音频编解码器: 未知
分类: 🎥┃咪咕直播, 名称: 咪咕直播1, 有效: 0, IPv4: 2, IPv6: 0, 最小延迟: — ms, 最高速率: 0.00 MiB/s, 平均速率: 0.00 MiB/s, 最高分辨率: —, 平均帧率: 未知, 视频编解码器: 未知, 音频编解码器: 未知
分类: 🎥┃咪咕直播, 名称: 咪咕直播7, 有效: 0, IPv4: 2, IPv6: 0, 最小延迟: — ms, 最高速率: 0.00 MiB/s, 平均速率: 0.00 MiB/s, 最高分辨率: —, 平均帧率: 未知, 视频编解码器: 未知, 音频编解码器: 未知
分类: 🎥┃咪咕直播, 名称: 咪咕直播9, 有效: 0, IPv4: 2, IPv6: 0, 最小延迟: — ms, 最高速率: 0.00 MiB/s, 平均速率: 0.00 MiB/s, 最高分辨率: —, 平均帧率: 未知, 视频编解码器: 未知, 音频编解码器: 未知
分类: 🎥┃咪咕直播, 名称: 咪咕直播10, 有效: 0, IPv4: 2, IPv6: 0, 最小延迟: — ms, 最高速率: 0.00 MiB/s, 平均速率: 0.00 MiB/s, 最高分辨率: —, 平均帧率: 未知, 视频编解码器: 未知, 音频编解码器: 未知
分类: 🎥┃咪咕直播, 名称: 咪咕直播8, 有效: 0, IPv4: 2, IPv6: 0, 最小延迟: — ms, 最高速率: 0.00 MiB/s, 平均速率: 0.00 MiB/s, 最高分辨率: —, 平均帧率: 未知, 视频编解码器: 未知, 音频编解码器: 未知
分类: 🎥┃咪咕直播, 名称: 咪咕直播11, 有效: 0, IPv4: 2, IPv6: 0, 最小延迟: — ms, 最高速率: 0.00 MiB/s, 平均速率: 0.00 MiB/s, 最高分辨率: —, 平均帧率: 未知, 视频编解码器: 未知, 音频编解码器: 未知
分类: 🎥┃咪咕直播, 名称: 咪咕直播12, 有效: 0, IPv4: 2, IPv6: 0, 最小延迟: — ms, 最高速率: 0.00 MiB/s, 平均速率: 0.00 MiB/s, 最高分辨率: —, 平均帧率: 未知, 视频编解码器: 未知, 音频编解码器: 未知
分类: 🎥┃咪咕直播, 名称: 咪咕直播13, 有效: 0, IPv4: 2, IPv6: 0, 最小延迟: — ms, 最高速率: 0.00 MiB/s, 平均速率: 0.00 MiB/s, 最高分辨率: —, 平均帧率: 未知, 视频编解码器: 未知, 音频编解码器: 未知
分类: 🎥┃咪咕直播, 名称: 咪咕直播14, 有效: 0, IPv4: 2, IPv6: 0, 最小延迟: — ms, 最高速率: 0.00 MiB/s, 平均速率: 0.00 MiB/s, 最高分辨率: —, 平均帧率: 未知, 视频编解码器: 未知, 音频编解码器: 未知
分类: 🎥┃咪咕直播, 名称: 咪咕直播15, 有效: 0, IPv4: 2, IPv6: 0, 最小延迟: — ms, 最高速率: 0.00 MiB/s, 平均速率: 0.00 MiB/s, 最高分辨率: —, 平均帧率: 未知, 视频编解码器: 未知, 音频编解码器: 未知
分类: 🎥┃咪咕直播, 名称: 咪咕直播16, 有效: 0, IPv4: 2, IPv6: 0, 最小延迟: — ms, 最高速率: 0.00 MiB/s, 平均速率: 0.00 MiB/s, 最高分辨率: —, 平均帧率: 未知, 视频编解码器: 未知, 音频编解码器: 未知
分类: 🎥┃咪咕直播, 名称: 咪咕直播17, 有效: 0, IPv4: 2, IPv6: 0, 最小延迟: — ms, 最高速率: 0.00 MiB/s, 平均速率: 0.00 MiB/s, 最高分辨率: —, 平均帧率: 未知, 视频编解码器: 未知, 音频编解码器: 未知
分类: 🎥┃咪咕直播, 名称: 咪咕直播18, 有效: 0, IPv4: 2, IPv6: 0, 最小延迟: — ms, 最高速率: 0.00 MiB/s, 平均速率: 0.00 MiB/s, 最高分辨率: —, 平均帧率: 未知, 视频编解码器: 未知, 音频编解码器: 未知
分类: 🎥┃咪咕直播, 名称: 咪咕直播19, 有效: 0, IPv4: 2, IPv6: 0, 最小延迟: — ms, 最高速率: 0.00 MiB/s, 平均速率: 0.00 MiB/s, 最高分辨率: —, 平均帧率: 未知, 视频编解码器: 未知, 音频编解码器: 未知
分类: 🎥┃咪咕直播, 名称: 咪咕直播20, 有效: 0, IPv4: 2, IPv6: 0, 最小延迟: — ms, 最高速率: 0.00 MiB/s, 平均速率: 0.00 MiB/s, 最高分辨率: —, 平均帧率: 未知, 视频编解码器: 未知, 音频编解码器: 未知
分类: 🎥┃咪咕直播, 名称: 咪咕直播21, 有效: 0, IPv4: 2, IPv6: 0, 最小延迟: — ms, 最高速率: 0.00 MiB/s, 平均速率: 0.00 MiB/s, 最高分辨率: —, 平均帧率: 未知, 视频编解码器: 未知, 音频编解码器: 未知
分类: 🎥┃咪咕直播, 名称: 咪咕直播22, 有效: 0, IPv4: 2, IPv6: 0, 最小延迟: — ms, 最高速率: 0.00 MiB/s, 平均速率: 0.00 MiB/s, 最高分辨率: —, 平均帧率: 未知, 视频编解码器: 未知, 音频编解码器: 未知
分类: 🎥┃咪咕直播, 名称: 咪咕直播23, 有效: 0, IPv4: 2, IPv6: 0, 最小延迟: — ms, 最高速率: 0.00 MiB/s, 平均速率: 0.00 MiB/s, 最高分辨率: —, 平均帧率: 未知, 视频编解码器: 未知, 音频编解码器: 未知
分类: 🎥┃咪咕直播, 名称: 咪咕直播24, 有效: 0, IPv4: 2, IPv6: 0, 最小延迟: — ms, 最高速率: 0.00 MiB/s, 平均速率: 0.00 MiB/s, 最高分辨率: —, 平均帧率: 未知, 视频编解码器: 未知, 音频编解码器: 未知
分类: 🎥┃咪咕直播, 名称: 咪咕直播25, 有效: 0, IPv4: 2, IPv6: 0, 最小延迟: — ms, 最高速率: 0.00 MiB/s, 平均速率: 0.00 MiB/s, 最高分辨率: —, 平均帧率: 未知, 视频编解码器: 未知, 音频编解码器: 未知
分类: 🎥┃咪咕直播, 名称: 咪咕直播26, 有效: 0, IPv4: 2, IPv6: 0, 最小延迟: — ms, 最高速率: 0.00 MiB/s, 平均速率: 0.00 MiB/s, 最高分辨率: —, 平均帧率: 未知, 视频编解码器: 未知, 音频编解码器: 未知
分类: 🎥┃咪咕直播, 名称: 咪咕直播27, 有效: 0, IPv4: 2, IPv6: 0, 最小延迟: — ms, 最高速率: 0.00 MiB/s, 平均速率: 0.00 MiB/s, 最高分辨率: —, 平均帧率: 未知, 视频编解码器: 未知, 音频编解码器: 未知
分类: 🎥┃咪咕直播, 名称: 咪咕直播28, 有效: 0, IPv4: 2, IPv6: 0, 最小延迟: — ms, 最高速率: 0.00 MiB/s, 平均速率: 0.00 MiB/s, 最高分辨率: —, 平均帧率: 未知, 视频编解码器: 未知, 音频编解码器: 未知
分类: 🎥┃咪咕直播, 名称: 咪咕直播29, 有效: 0, IPv4: 2, IPv6: 0, 最小延迟: — ms, 最高速率: 0.00 MiB/s, 平均速率: 0.00 MiB/s, 最高分辨率: —, 平均帧率: 未知, 视频编解码器: 未知, 音频编解码器: 未知
分类: 🎥┃咪咕直播, 名称: 咪咕直播30, 有效: 0, IPv4: 2, IPv6: 0, 最小延迟: — ms, 最高速率: 0.00 MiB/s, 平均速率: 0.00 MiB/s, 最高分辨率: —, 平均帧率: 未知, 视频编解码器: 未知, 音频编解码器: 未知
分类: 🏀┃体育频道, 名称: 五星体育, 有效: 5, IPv4: 6, IPv6: 0, 最小延迟: 56 ms, 最高速率: 31.58 MiB/s, 平均速率: 24.65 MiB/s, 最高分辨率: 1920x1080, 平均帧率: 未知, 视频编解码器: 未知, 音频编解码器: 未知
分类: 🏀┃体育频道, 名称: 劲爆体育, 有效: 0, IPv4: 6, IPv6: 0, 最小延迟: 379 ms, 最高速率: 0.16 MiB/s, 平均速率: 0.00 MiB/s, 最高分辨率: —, 平均帧率: 未知, 视频编解码器: 未知, 音频编解码器: 未知
分类: 🏀┃体育频道, 名称: 体育赛事, 有效: 0, IPv4: 1, IPv6: 0, 最小延迟: — ms, 最高速率: 0.00 MiB/s, 平均速率: 0.00 MiB/s, 最高分辨率: —, 平均帧率: 未知, 视频编解码器: 未知, 音频编解码器: 未知
分类: 🏀┃体育频道, 名称: 爱体育, 有效: 0, IPv4: 16, IPv6: 0, 最小延迟: 472 ms, 最高速率: 0.22 MiB/s, 平均速率: 0.00 MiB/s, 最高分辨率: 1920x1080, 平均帧率: 25.0, 视频编解码器: h264, 音频编解码器: mp2
分类: 🏀┃体育频道, 名称: 超级体育, 有效: 0, IPv4: 7, IPv6: 0, 最小延迟: — ms, 最高速率: 0.00 MiB/s, 平均速率: 0.00 MiB/s, 最高分辨率: —, 平均帧率: 未知, 视频编解码器: 未知, 音频编解码器: 未知
分类: 🏀┃体育频道, 名称: 精品体育, 有效: 2, IPv4: 8, IPv6: 0, 最小延迟: 74 ms, 最高速率: 30.36 MiB/s, 平均速率: 29.49 MiB/s, 最高分辨率: 1920x1080, 平均帧率: 未知, 视频编解码器: 未知, 音频编解码器: 未知
分类: 🏀┃体育频道, 名称: 福建体育, 有效: 4, IPv4: 6, IPv6: 0, 最小延迟: 68 ms, 最高速率: 34.90 MiB/s, 平均速率: 17.90 MiB/s, 最高分辨率: 1920x1080, 平均帧率: 未知, 视频编解码器: 未知, 音频编解码器: 未知
分类: 🏀┃体育频道, 名称: 辽宁体育, 有效: 0, IPv4: 5, IPv6: 0, 最小延迟: 394 ms, 最高速率: 0.09 MiB/s, 平均速率: 0.00 MiB/s, 最高分辨率: 1280x720, 平均帧率: 未知, 视频编解码器: 未知, 音频编解码器: 未知
分类: 🏀┃体育频道, 名称: 山东体育, 有效: 1, IPv4: 7, IPv6: 0, 最小延迟: 7 ms, 最高速率: 6.51 MiB/s, 平均速率: 6.51 MiB/s, 最高分辨率: —, 平均帧率: 未知, 视频编解码器: 未知, 音频编解码器: aac
分类: 🏀┃体育频道, 名称: 天津体育, 有效: 5, IPv4: 5, IPv6: 0, 最小延迟: 36 ms, 最高速率: 3.17 MiB/s, 平均速率: 2.14 MiB/s, 最高分辨率: 1280x720, 平均帧率: 25.0, 视频编解码器: h264, 音频编解码器: aac
分类: 🏀┃体育频道, 名称: 睛彩篮球, 有效: 2, IPv4: 14, IPv6: 0, 最小延迟: 60 ms, 最高速率: 36.20 MiB/s, 平均速率: 32.13 MiB/s, 最高分辨率: 1920x1080, 平均帧率: 未知, 视频编解码器: h264, 音频编解码器: mp2
分类: 🏀┃体育频道, 名称: 江苏体育, 有效: 0, IPv4: 2, IPv6: 0, 最小延迟: 572 ms, 最高速率: 0.24 MiB/s, 平均速率: 0.00 MiB/s, 最高分辨率: 720x576, 平均帧率: 25.0, 视频编解码器: h264, 音频编解码器: mp2
分类: 🏀┃体育频道, 名称: 睛彩广场舞, 有效: 0, IPv4: 8, IPv6: 0, 最小延迟: 482 ms, 最高速率: 0.24 MiB/s, 平均速率: 0.00 MiB/s, 最高分辨率: —, 平均帧率: 未知, 视频编解码器: h264, 音频编解码器: mp2
分类: 🏀┃体育频道, 名称: 安徽综艺体育, 有效: 0, IPv4: 1, IPv6: 0, 最小延迟: — ms, 最高速率: 0.00 MiB/s, 平均速率: 0.00 MiB/s, 最高分辨率: —, 平均帧率: 未知, 视频编解码器: 未知, 音频编解码器: 未知
分类: 🏀┃体育频道, 名称: 睛彩羽毛球, 有效: 0, IPv4: 3, IPv6: 0, 最小延迟: 502 ms, 最高速率: 0.17 MiB/s, 平均速率: 0.00 MiB/s, 最高分辨率: 1920x1080, 平均帧率: 未知, 视频编解码器: 未知, 音频编解码器: 未知
分类: 🏀┃体育频道, 名称: 魅力足球, 有效: 0, IPv4: 5, IPv6: 0, 最小延迟: — ms, 最高速率: 0.00 MiB/s, 平均速率: 0.00 MiB/s, 最高分辨率: —, 平均帧率: 未知, 视频编解码器: 未知, 音频编解码器: 未知
分类: 🏀┃体育频道, 名称: 天元围棋, 有效: 6, IPv4: 12, IPv6: 0, 最小延迟: 36 ms, 最高速率: 21.29 MiB/s, 平均速率: 12.95 MiB/s, 最高分辨率: 1920x1080, 平均帧率: 25.0, 视频编解码器: h264, 音频编解码器: mp2
分类: 🏀┃体育频道, 名称: 快乐垂钓, 有效: 5, IPv4: 46, IPv6: 0, 最小延迟: 56 ms, 最高速率: 33.13 MiB/s, 平均速率: 25.75 MiB/s, 最高分辨率: 1920x1080, 平均帧率: 25.0, 视频编解码器: h264, 音频编解码器: mp2
分类: 🏀┃体育频道, 名称: JJ斗地主, 有效: 0, IPv4: 8, IPv6: 0, 最小延迟: 76 ms, 最高速率: 0.06 MiB/s, 平均速率: 0.00 MiB/s, 最高分辨率: —, 平均帧率: 未知, 视频编解码器: 未知, 音频编解码器: 未知
分类: 📚┃动画频道, 名称: 少儿动画, 有效: 0, IPv4: 29, IPv6: 0, 最小延迟: 476 ms, 最高速率: 0.22 MiB/s, 平均速率: 0.00 MiB/s, 最高分辨率: 1920x1080, 平均帧率: 25.0, 视频编解码器: h264, 音频编解码器: mp2
分类: 📚┃动画频道, 名称: 新动漫, 有效: 2, IPv4: 16, IPv6: 0, 最小延迟: 64 ms, 最高速率: 31.56 MiB/s, 平均速率: 29.76 MiB/s, 最高分辨率: 1920x1080, 平均帧率: 未知, 视频编解码器: 未知, 音频编解码器: 未知
分类: 📚┃动画频道, 名称: 爱动漫, 有效: 0, IPv4: 1, IPv6: 0, 最小延迟: — ms, 最高速率: 0.00 MiB/s, 平均速率: 0.00 MiB/s, 最高分辨率: —, 平均帧率: 未知, 视频编解码器: 未知, 音频编解码器: 未知
分类: 📚┃动画频道, 名称: 宝宝动画, 有效: 0, IPv4: 2, IPv6: 0, 最小延迟: 534 ms, 最高速率: 0.04 MiB/s, 平均速率: 0.00 MiB/s, 最高分辨率: —, 平均帧率: 未知, 视频编解码器: 未知, 音频编解码器: 未知
分类: 📚┃动画频道, 名称: 优漫卡通, 有效: 6, IPv4: 10, IPv6: 0, 最小延迟: 36 ms, 最高速率: 32.53 MiB/s, 平均速率: 14.70 MiB/s, 最高分辨率: 1920x1080, 平均帧率: 42.5, 视频编解码器: h264, 音频编解码器: aac
分类: 📚┃动画频道, 名称: CN卡通, 有效: 0, IPv4: 2, IPv6: 0, 最小延迟: 92 ms, 最高速率: 0.22 MiB/s, 平均速率: 0.00 MiB/s, 最高分辨率: 1920x1080, 平均帧率: 59.94, 视频编解码器: h264, 音频编解码器: aac
分类: 📚┃动画频道, 名称: 金鹰卡通, 有效: 6, IPv4: 9, IPv6: 0, 最小延迟: 67 ms, 最高速率: 32.93 MiB/s, 平均速率: 27.11 MiB/s, 最高分辨率: 1920x1080, 平均帧率: 25.0, 视频编解码器: h264, 音频编解码器: mp2
分类: 📚┃动画频道, 名称: 黑莓动画, 有效: 2, IPv4: 10, IPv6: 0, 最小延迟: 73 ms, 最高速率: 30.29 MiB/s, 平均速率: 30.08 MiB/s, 最高分辨率: 1920x1080, 平均帧率: 未知, 视频编解码器: 未知, 音频编解码器: 未知
分类: 📚┃动画频道, 名称: 河北少儿科教, 有效: 0, IPv4: 2, IPv6: 0, 最小延迟: 389 ms, 最高速率: 0.01 MiB/s, 平均速率: 0.00 MiB/s, 最高分辨率: —, 平均帧率: 未知, 视频编解码器: 未知, 音频编解码器: 未知
分类: 📚┃动画频道, 名称: 七龙珠, 有效: 0, IPv4: 3, IPv6: 0, 最小延迟: 1389 ms, 最高速率: 0.19 MiB/s, 平均速率: 0.00 MiB/s, 最高分辨率: —, 平均帧率: 未知, 视频编解码器: 未知, 音频编解码器: 未知
分类: 📚┃动画频道, 名称: 海绵宝宝, 有效: 0, IPv4: 2, IPv6: 0, 最小延迟: 62 ms, 最高速率: 0.12 MiB/s, 平均速率: 0.00 MiB/s, 最高分辨率: —, 平均帧率: 未知, 视频编解码器: 未知, 音频编解码器: 未知
分类: 📚┃动画频道, 名称: 中华小当家, 有效: 0, IPv4: 2, IPv6: 0, 最小延迟: 322 ms, 最高速率: 0.01 MiB/s, 平均速率: 0.00 MiB/s, 最高分辨率: —, 平均帧率: 未知, 视频编解码器: 未知, 音频编解码器: 未知
分类: 📚┃动画频道, 名称: 猫和老鼠, 有效: 0, IPv4: 3, IPv6: 0, 最小延迟: 64 ms, 最高速率: 2.09 MiB/s, 平均速率: 0.00 MiB/s, 最高分辨率: 720x576, 平均帧率: 25.0, 视频编解码器: h264, 音频编解码器: aac
分类: 📚┃动画频道, 名称: 火影忍者, 有效: 0, IPv4: 2, IPv6: 0, 最小延迟: 654 ms, 最高速率: 0.45 MiB/s, 平均速率: 0.00 MiB/s, 最高分辨率: 1920x1080, 平均帧率: 未知, 视频编解码器: 未知, 音频编解码器: 未知
分类: 📚┃动画频道, 名称: 蜡笔小新, 有效: 0, IPv4: 1, IPv6: 0, 最小延迟: 512 ms, 最高速率: 0.45 MiB/s, 平均速率: 0.00 MiB/s, 最高分辨率: 1280x976, 平均帧率: 未知, 视频编解码器: 未知, 音频编解码器: 未知
分类: 🎵┃音乐频道, 名称: 音乐广播, 有效: 0, IPv4: 5, IPv6: 0, 最小延迟: 63 ms, 最高速率: 0.08 MiB/s, 平均速率: 0.00 MiB/s, 最高分辨率: —, 平均帧率: 未知, 视频编解码器: 未知, 音频编解码器: 未知
分类: 🎵┃音乐频道, 名称: 音乐现场, 有效: 1, IPv4: 2, IPv6: 0, 最小延迟: 7 ms, 最高速率: 6.73 MiB/s, 平均速率: 6.73 MiB/s, 最高分辨率: —, 平均帧率: 未知, 视频编解码器: 未知, 音频编解码器: aac
分类: 🎵┃音乐频道, 名称: 音乐调频广播, 有效: 0, IPv4: 1, IPv6: 0, 最小延迟: — ms, 最高速率: 0.00 MiB/s, 平均速率: 0.00 MiB/s, 最高分辨率: —, 平均帧率: 未知, 视频编解码器: 未知, 音频编解码器: 未知
分类: 🏛┃经典剧场, 名称: 笑傲江湖, 有效: 3, IPv4: 7, IPv6: 0, 最小延迟: 18 ms, 最高速率: 1.59 MiB/s, 平均速率: 1.14 MiB/s, 最高分辨率: 1920x1080, 平均帧率: 25.0, 视频编解码器: h264, 音频编解码器: aac
分类: 🏛┃经典剧场, 名称: 天龙八部, 有效: 0, IPv4: 5, IPv6: 0, 最小延迟: 474 ms, 最高速率: 0.56 MiB/s, 平均速率: 0.00 MiB/s, 最高分辨率: 624x480, 平均帧率: 30.0, 视频编解码器: h264, 音频编解码器: aac
分类: 🏛┃经典剧场, 名称: 鹿鼎记, 有效: 1, IPv4: 5, IPv6: 0, 最小延迟: 648 ms, 最高速率: 1.27 MiB/s, 平均速率: 1.27 MiB/s, 最高分辨率: 1920x1080, 平均帧率: 未知, 视频编解码器: 未知, 音频编解码器: 未知
分类: 🏛┃经典剧场, 名称: 西游记, 有效: 1, IPv4: 7, IPv6: 0, 最小延迟: 53 ms, 最高速率: 3.99 MiB/s, 平均速率: 3.99 MiB/s, 最高分辨率: 1920x1080, 平均帧率: 未知, 视频编解码器: 未知, 音频编解码器: 未知
分类: 🏛┃经典剧场, 名称: 三国演义, 有效: 2, IPv4: 4, IPv6: 0, 最小延迟: 88 ms, 最高速率: 1.41 MiB/s, 平均速率: 1.28 MiB/s, 最高分辨率: 1280x720, 平均帧率: 未知, 视频编解码器: 未知, 音频编解码器: 未知
分类: 🏛┃经典剧场, 名称: 水浒传, 有效: 1, IPv4: 4, IPv6: 0, 最小延迟: 35 ms, 最高速率: 16.38 MiB/s, 平均速率: 16.38 MiB/s, 最高分辨率: 1440x1080, 平均帧率: 未知, 视频编解码器: 未知, 音频编解码器: 未知
分类: 🏛┃经典剧场, 名称: 新白娘子传奇, 有效: 0, IPv4: 3, IPv6: 0, 最小延迟: 809 ms, 最高速率: 0.12 MiB/s, 平均速率: 0.00 MiB/s, 最高分辨率: —, 平均帧率: 未知, 视频编解码器: 未知, 音频编解码器: 未知
分类: 🏛┃经典剧场, 名称: 封神榜, 有效: 2, IPv4: 5, IPv6: 0, 最小延迟: 77 ms, 最高速率: 3.91 MiB/s, 平均速率: 2.23 MiB/s, 最高分辨率: 1920x1080, 平均帧率: 未知, 视频编解码器: 未知, 音频编解码器: 未知
分类: 🏛┃经典剧场, 名称: 闯关东, 有效: 1, IPv4: 1, IPv6: 0, 最小延迟: 36 ms, 最高速率: 16.72 MiB/s, 平均速率: 16.72 MiB/s, 最高分辨率: 1920x1080, 平均帧率: 未知, 视频编解码器: 未知, 音频编解码器: 未知
分类: 🏛┃经典剧场, 名称: 射雕英雄传, 有效: 0, IPv4: 2, IPv6: 0, 最小延迟: 508 ms, 最高速率: 0.49 MiB/s, 平均速率: 0.00 MiB/s, 最高分辨率: 1274x670, 平均帧率: 25.0, 视频编解码器: h264, 音频编解码器: aac
分类: 🏛┃经典剧场, 名称: 上海滩, 有效: 0, IPv4: 1, IPv6: 0, 最小延迟: — ms, 最高速率: 0.00 MiB/s, 平均速率: 0.00 MiB/s, 最高分辨率: —, 平均帧率: 未知, 视频编解码器: 未知, 音频编解码器: 未知
